Component: ARM Compiler 5.06 update 6 (build 750) Tool: armlink [4d35ed]

==============================================================================

Section Cross References

    delay.o(i.Delay) refers to stm32f10x_rcc.o(i.RCC_GetClocksFreq) for RCC_GetClocksFreq
    delay.o(i.DelayMC) refers to stm32f10x_rcc.o(i.RCC_GetClocksFreq) for RCC_GetClocksFreq
    i2c.o(i.I2C_ReadData) refers to stm32f10x_i2c.o(i.I2C_CheckEvent) for I2C_CheckEvent
    i2c.o(i.I2C_ReadData) refers to stm32f10x_i2c.o(i.I2C_ReceiveData) for I2C_ReceiveData
    i2c.o(i.I2C_StartTransmission) refers to stm32f10x_i2c.o(i.I2C_GetFlagStatus) for I2C_GetFlagStatus
    i2c.o(i.I2C_StartTransmission) refers to stm32f10x_i2c.o(i.I2C_GenerateSTART) for I2C_GenerateSTART
    i2c.o(i.I2C_StartTransmission) refers to stm32f10x_i2c.o(i.I2C_CheckEvent) for I2C_CheckEvent
    i2c.o(i.I2C_StartTransmission) refers to stm32f10x_i2c.o(i.I2C_Send7bitAddress) for I2C_Send7bitAddress
    i2c.o(i.I2C_WriteData) refers to stm32f10x_i2c.o(i.I2C_SendData) for I2C_SendData
    i2c.o(i.I2C_WriteData) refers to stm32f10x_i2c.o(i.I2C_CheckEvent) for I2C_CheckEvent
    i2c.o(i.init_I2C1) refers to stm32f10x_rcc.o(i.RCC_APB2PeriphClockCmd) for RCC_APB2PeriphClockCmd
    i2c.o(i.init_I2C1) refers to stm32f10x_rcc.o(i.RCC_APB1PeriphClockCmd) for RCC_APB1PeriphClockCmd
    i2c.o(i.init_I2C1) refers to stm32f10x_i2c.o(i.I2C_Init) for I2C_Init
    i2c.o(i.init_I2C1) refers to stm32f10x_gpio.o(i.GPIO_Init) for GPIO_Init
    i2c.o(i.init_I2C1) refers to stm32f10x_i2c.o(i.I2C_Cmd) for I2C_Cmd
    i2c.o(i.init_I2C1) refers to i2c.o(.bss) for i2c
    i2c.o(i.init_I2C1) refers to i2c.o(.data) for i2c_gpio
    liquidcrystal_i2c.o(i.LCDI2C_autoscroll) refers to liquidcrystal_i2c.o(i.LCDI2C_command) for LCDI2C_command
    liquidcrystal_i2c.o(i.LCDI2C_autoscroll) refers to liquidcrystal_i2c.o(.data) for lcdi2c
    liquidcrystal_i2c.o(i.LCDI2C_backlight) refers to liquidcrystal_i2c.o(i.LCDI2C_expanderWrite) for LCDI2C_expanderWrite
    liquidcrystal_i2c.o(i.LCDI2C_backlight) refers to liquidcrystal_i2c.o(.data) for lcdi2c
    liquidcrystal_i2c.o(i.LCDI2C_begin) refers to delay.o(i.Delay) for Delay
    liquidcrystal_i2c.o(i.LCDI2C_begin) refers to liquidcrystal_i2c.o(i.LCDI2C_expanderWrite) for LCDI2C_expanderWrite
    liquidcrystal_i2c.o(i.LCDI2C_begin) refers to liquidcrystal_i2c.o(i.LCDI2C_write4bits) for LCDI2C_write4bits
    liquidcrystal_i2c.o(i.LCDI2C_begin) refers to delay.o(i.DelayMC) for DelayMC
    liquidcrystal_i2c.o(i.LCDI2C_begin) refers to liquidcrystal_i2c.o(i.LCDI2C_command) for LCDI2C_command
    liquidcrystal_i2c.o(i.LCDI2C_begin) refers to liquidcrystal_i2c.o(i.LCDI2C_display) for LCDI2C_display
    liquidcrystal_i2c.o(i.LCDI2C_begin) refers to liquidcrystal_i2c.o(i.LCDI2C_clear) for LCDI2C_clear
    liquidcrystal_i2c.o(i.LCDI2C_begin) refers to liquidcrystal_i2c.o(i.LCDI2C_home) for LCDI2C_home
    liquidcrystal_i2c.o(i.LCDI2C_begin) refers to liquidcrystal_i2c.o(.data) for lcdi2c
    liquidcrystal_i2c.o(i.LCDI2C_blink) refers to liquidcrystal_i2c.o(i.LCDI2C_command) for LCDI2C_command
    liquidcrystal_i2c.o(i.LCDI2C_blink) refers to liquidcrystal_i2c.o(.data) for lcdi2c
    liquidcrystal_i2c.o(i.LCDI2C_blink_off) refers to liquidcrystal_i2c.o(i.LCDI2C_noBlink) for LCDI2C_noBlink
    liquidcrystal_i2c.o(i.LCDI2C_blink_on) refers to liquidcrystal_i2c.o(i.LCDI2C_blink) for LCDI2C_blink
    liquidcrystal_i2c.o(i.LCDI2C_clear) refers to liquidcrystal_i2c.o(i.LCDI2C_command) for LCDI2C_command
    liquidcrystal_i2c.o(i.LCDI2C_clear) refers to delay.o(i.DelayMC) for DelayMC
    liquidcrystal_i2c.o(i.LCDI2C_command) refers to liquidcrystal_i2c.o(i.LCDI2C_send) for LCDI2C_send
    liquidcrystal_i2c.o(i.LCDI2C_createChar) refers to liquidcrystal_i2c.o(i.LCDI2C_command) for LCDI2C_command
    liquidcrystal_i2c.o(i.LCDI2C_createChar) refers to liquidcrystal_i2c.o(i.LCDI2C_write) for LCDI2C_write
    liquidcrystal_i2c.o(i.LCDI2C_cursor) refers to liquidcrystal_i2c.o(i.LCDI2C_command) for LCDI2C_command
    liquidcrystal_i2c.o(i.LCDI2C_cursor) refers to liquidcrystal_i2c.o(.data) for lcdi2c
    liquidcrystal_i2c.o(i.LCDI2C_cursor_off) refers to liquidcrystal_i2c.o(i.LCDI2C_noCursor) for LCDI2C_noCursor
    liquidcrystal_i2c.o(i.LCDI2C_cursor_on) refers to liquidcrystal_i2c.o(i.LCDI2C_cursor) for LCDI2C_cursor
    liquidcrystal_i2c.o(i.LCDI2C_display) refers to liquidcrystal_i2c.o(i.LCDI2C_command) for LCDI2C_command
    liquidcrystal_i2c.o(i.LCDI2C_display) refers to liquidcrystal_i2c.o(.data) for lcdi2c
    liquidcrystal_i2c.o(i.LCDI2C_expanderWrite) refers to i2c.o(i.I2C_StartTransmission) for I2C_StartTransmission
    liquidcrystal_i2c.o(i.LCDI2C_expanderWrite) refers to i2c.o(i.I2C_WriteData) for I2C_WriteData
    liquidcrystal_i2c.o(i.LCDI2C_expanderWrite) refers to stm32f10x_i2c.o(i.I2C_GenerateSTOP) for I2C_GenerateSTOP
    liquidcrystal_i2c.o(i.LCDI2C_expanderWrite) refers to liquidcrystal_i2c.o(.data) for lcdi2c
    liquidcrystal_i2c.o(i.LCDI2C_home) refers to liquidcrystal_i2c.o(i.LCDI2C_command) for LCDI2C_command
    liquidcrystal_i2c.o(i.LCDI2C_home) refers to delay.o(i.DelayMC) for DelayMC
    liquidcrystal_i2c.o(i.LCDI2C_init) refers to i2c.o(i.init_I2C1) for init_I2C1
    liquidcrystal_i2c.o(i.LCDI2C_init) refers to liquidcrystal_i2c.o(i.LCDI2C_begin) for LCDI2C_begin
    liquidcrystal_i2c.o(i.LCDI2C_init) refers to liquidcrystal_i2c.o(.data) for lcdi2c
    liquidcrystal_i2c.o(i.LCDI2C_leftToRight) refers to liquidcrystal_i2c.o(i.LCDI2C_command) for LCDI2C_command
    liquidcrystal_i2c.o(i.LCDI2C_leftToRight) refers to liquidcrystal_i2c.o(.data) for lcdi2c
    liquidcrystal_i2c.o(i.LCDI2C_load_custom_character) refers to liquidcrystal_i2c.o(i.LCDI2C_createChar) for LCDI2C_createChar
    liquidcrystal_i2c.o(i.LCDI2C_noAutoscroll) refers to liquidcrystal_i2c.o(i.LCDI2C_command) for LCDI2C_command
    liquidcrystal_i2c.o(i.LCDI2C_noAutoscroll) refers to liquidcrystal_i2c.o(.data) for lcdi2c
    liquidcrystal_i2c.o(i.LCDI2C_noBacklight) refers to liquidcrystal_i2c.o(i.LCDI2C_expanderWrite) for LCDI2C_expanderWrite
    liquidcrystal_i2c.o(i.LCDI2C_noBacklight) refers to liquidcrystal_i2c.o(.data) for lcdi2c
    liquidcrystal_i2c.o(i.LCDI2C_noBlink) refers to liquidcrystal_i2c.o(i.LCDI2C_command) for LCDI2C_command
    liquidcrystal_i2c.o(i.LCDI2C_noBlink) refers to liquidcrystal_i2c.o(.data) for lcdi2c
    liquidcrystal_i2c.o(i.LCDI2C_noCursor) refers to liquidcrystal_i2c.o(i.LCDI2C_command) for LCDI2C_command
    liquidcrystal_i2c.o(i.LCDI2C_noCursor) refers to liquidcrystal_i2c.o(.data) for lcdi2c
    liquidcrystal_i2c.o(i.LCDI2C_noDisplay) refers to liquidcrystal_i2c.o(i.LCDI2C_command) for LCDI2C_command
    liquidcrystal_i2c.o(i.LCDI2C_noDisplay) refers to liquidcrystal_i2c.o(.data) for lcdi2c
    liquidcrystal_i2c.o(i.LCDI2C_pulseEnable) refers to liquidcrystal_i2c.o(i.LCDI2C_expanderWrite) for LCDI2C_expanderWrite
    liquidcrystal_i2c.o(i.LCDI2C_pulseEnable) refers to delay.o(i.DelayMC) for DelayMC
    liquidcrystal_i2c.o(i.LCDI2C_rightToLeft) refers to liquidcrystal_i2c.o(i.LCDI2C_command) for LCDI2C_command
    liquidcrystal_i2c.o(i.LCDI2C_rightToLeft) refers to liquidcrystal_i2c.o(.data) for lcdi2c
    liquidcrystal_i2c.o(i.LCDI2C_scrollDisplayLeft) refers to liquidcrystal_i2c.o(i.LCDI2C_command) for LCDI2C_command
    liquidcrystal_i2c.o(i.LCDI2C_scrollDisplayRight) refers to liquidcrystal_i2c.o(i.LCDI2C_command) for LCDI2C_command
    liquidcrystal_i2c.o(i.LCDI2C_send) refers to liquidcrystal_i2c.o(i.LCDI2C_write4bits) for LCDI2C_write4bits
    liquidcrystal_i2c.o(i.LCDI2C_setBacklight) refers to liquidcrystal_i2c.o(i.LCDI2C_backlight) for LCDI2C_backlight
    liquidcrystal_i2c.o(i.LCDI2C_setBacklight) refers to liquidcrystal_i2c.o(i.LCDI2C_noBacklight) for LCDI2C_noBacklight
    liquidcrystal_i2c.o(i.LCDI2C_setCursor) refers to liquidcrystal_i2c.o(i.LCDI2C_command) for LCDI2C_command
    liquidcrystal_i2c.o(i.LCDI2C_setCursor) refers to liquidcrystal_i2c.o(.constdata) for .constdata
    liquidcrystal_i2c.o(i.LCDI2C_setCursor) refers to liquidcrystal_i2c.o(.data) for lcdi2c
    liquidcrystal_i2c.o(i.LCDI2C_write) refers to liquidcrystal_i2c.o(i.LCDI2C_send) for LCDI2C_send
    liquidcrystal_i2c.o(i.LCDI2C_write4bits) refers to liquidcrystal_i2c.o(i.LCDI2C_expanderWrite) for LCDI2C_expanderWrite
    liquidcrystal_i2c.o(i.LCDI2C_write4bits) refers to liquidcrystal_i2c.o(i.LCDI2C_pulseEnable) for LCDI2C_pulseEnable
    liquidcrystal_i2c.o(i.LCDI2C_write_String) refers to liquidcrystal_i2c.o(i.LCDI2C_write) for LCDI2C_write
    main.o(i.CO2_Tx) refers to stm32f10x_usart.o(i.USART_ClearFlag) for USART_ClearFlag
    main.o(i.CO2_Tx) refers to stm32f10x_usart.o(i.USART_SendData) for USART_SendData
    main.o(i.CO2_Tx) refers to stm32f10x_usart.o(i.USART_GetFlagStatus) for USART_GetFlagStatus
    main.o(i.CO2_Tx) refers to main.o(.data) for CO2TxBuffer
    main.o(i.CheckSum) refers to rt_memclr_w.o(.text) for __aeabi_memclr4
    main.o(i.CheckSum) refers to main.o(i.i2s) for i2s
    main.o(i.CheckSum) refers to liquidcrystal_i2c.o(i.LCDI2C_setCursor) for LCDI2C_setCursor
    main.o(i.CheckSum) refers to liquidcrystal_i2c.o(i.LCDI2C_write_String) for LCDI2C_write_String
    main.o(i.CheckSum) refers to main.o(.bss) for USART_RX_BUF_2
    main.o(i.CheckSum) refers to main.o(.data) for CO2Data
    main.o(i.USART1_IRQHandler) refers to stm32f10x_usart.o(i.USART_GetITStatus) for USART_GetITStatus
    main.o(i.USART1_IRQHandler) refers to stm32f10x_usart.o(i.USART_ReceiveData) for USART_ReceiveData
    main.o(i.USART1_IRQHandler) refers to stm32f10x_usart.o(i.USART_GetFlagStatus) for USART_GetFlagStatus
    main.o(i.USART1_IRQHandler) refers to stm32f10x_usart.o(i.USART_ClearFlag) for USART_ClearFlag
    main.o(i.USART1_IRQHandler) refers to stm32f10x_usart.o(i.USART_ITConfig) for USART_ITConfig
    main.o(i.USART1_IRQHandler) refers to main.o(.data) for USART1_RX_CNT
    main.o(i.USART1_IRQHandler) refers to main.o(.bss) for USART_RX_BUF_2
    main.o(i.i2s) refers to rt_memcpy_w.o(.text) for __aeabi_memcpy4
    main.o(i.main) refers to usart.o(i.USART1_Init) for USART1_Init
    main.o(i.main) refers to liquidcrystal_i2c.o(i.LCDI2C_init) for LCDI2C_init
    main.o(i.main) refers to liquidcrystal_i2c.o(i.LCDI2C_backlight) for LCDI2C_backlight
    main.o(i.main) refers to delay.o(i.Delay) for Delay
    main.o(i.main) refers to liquidcrystal_i2c.o(i.LCDI2C_noBacklight) for LCDI2C_noBacklight
    main.o(i.main) refers to liquidcrystal_i2c.o(i.LCDI2C_clear) for LCDI2C_clear
    main.o(i.main) refers to liquidcrystal_i2c.o(i.LCDI2C_setCursor) for LCDI2C_setCursor
    main.o(i.main) refers to liquidcrystal_i2c.o(i.LCDI2C_write_String) for LCDI2C_write_String
    main.o(i.main) refers to main.o(i.CO2_Tx) for CO2_Tx
    main.o(i.main) refers to stm32f10x_usart.o(i.USART_ITConfig) for USART_ITConfig
    main.o(i.main) refers to main.o(i.CheckSum) for CheckSum
    main.o(i.main) refers to main.o(.data) for USART1_RX_CNT
    usart.o(i.USART1_Init) refers to stm32f10x_rcc.o(i.RCC_APB2PeriphClockCmd) for RCC_APB2PeriphClockCmd
    usart.o(i.USART1_Init) refers to stm32f10x_gpio.o(i.GPIO_Init) for GPIO_Init
    usart.o(i.USART1_Init) refers to misc.o(i.NVIC_Init) for NVIC_Init
    usart.o(i.USART1_Init) refers to stm32f10x_usart.o(i.USART_Init) for USART_Init
    usart.o(i.USART1_Init) refers to stm32f10x_usart.o(i.USART_ClearFlag) for USART_ClearFlag
    usart.o(i.USART1_Init) refers to stm32f10x_usart.o(i.USART_ITConfig) for USART_ITConfig
    usart.o(i.USART1_Init) refers to stm32f10x_usart.o(i.USART_Cmd) for USART_Cmd
    usart.o(i.USART1_Init) refers to usart.o(.data) for USART_GPIO_InitStruct
    usart.o(i.USART1_Init) refers to usart.o(.bss) for USART_InitStruct
    usart.o(i.Usart1_Send_String) refers to usart.o(i.Usart1_Send_symbol) for Usart1_Send_symbol
    usart.o(i.Usart1_Send_String) refers to delay.o(i.Delay) for Delay
    stm32f10x_gpio.o(i.GPIO_AFIODeInit) refers to stm32f10x_rcc.o(i.RCC_APB2PeriphResetCmd) for RCC_APB2PeriphResetCmd
    stm32f10x_gpio.o(i.GPIO_DeInit) refers to stm32f10x_rcc.o(i.RCC_APB2PeriphResetCmd) for RCC_APB2PeriphResetCmd
    stm32f10x_i2c.o(i.I2C_DeInit) refers to stm32f10x_rcc.o(i.RCC_APB1PeriphResetCmd) for RCC_APB1PeriphResetCmd
    stm32f10x_i2c.o(i.I2C_Init) refers to stm32f10x_rcc.o(i.RCC_GetClocksFreq) for RCC_GetClocksFreq
    stm32f10x_rcc.o(i.RCC_GetClocksFreq) refers to stm32f10x_rcc.o(.data) for APBAHBPrescTable
    stm32f10x_rcc.o(i.RCC_WaitForHSEStartUp) refers to stm32f10x_rcc.o(i.RCC_GetFlagStatus) for RCC_GetFlagStatus
    stm32f10x_usart.o(i.USART_DeInit) refers to stm32f10x_rcc.o(i.RCC_APB2PeriphResetCmd) for RCC_APB2PeriphResetCmd
    stm32f10x_usart.o(i.USART_DeInit) refers to stm32f10x_rcc.o(i.RCC_APB1PeriphResetCmd) for RCC_APB1PeriphResetCmd
    stm32f10x_usart.o(i.USART_Init) refers to stm32f10x_rcc.o(i.RCC_GetClocksFreq) for RCC_GetClocksFreq
    gpio_stm32f10x.o(i.GPIO_PinConfigure) refers to gpio_stm32f10x.o(i.GPIO_GetPortClockState) for GPIO_GetPortClockState
    gpio_stm32f10x.o(i.GPIO_PinConfigure) refers to gpio_stm32f10x.o(i.GPIO_PortClock) for GPIO_PortClock
    startup_stm32f10x_md.o(STACK) refers (Special) to heapauxi.o(.text) for __use_two_region_memory
    startup_stm32f10x_md.o(HEAP) refers (Special) to heapauxi.o(.text) for __use_two_region_memory
    startup_stm32f10x_md.o(RESET) refers (Special) to heapauxi.o(.text) for __use_two_region_memory
    startup_stm32f10x_md.o(RESET) refers to startup_stm32f10x_md.o(STACK) for __initial_sp
    startup_stm32f10x_md.o(RESET) refers to startup_stm32f10x_md.o(.text) for Reset_Handler
    startup_stm32f10x_md.o(RESET) refers to main.o(i.USART1_IRQHandler) for USART1_IRQHandler
    startup_stm32f10x_md.o(.text) refers (Special) to heapauxi.o(.text) for __use_two_region_memory
    startup_stm32f10x_md.o(.text) refers to system_stm32f10x.o(i.SystemInit) for SystemInit
    startup_stm32f10x_md.o(.text) refers to __main.o(!!!main) for __main
    startup_stm32f10x_md.o(.text) refers to startup_stm32f10x_md.o(HEAP) for Heap_Mem
    startup_stm32f10x_md.o(.text) refers to startup_stm32f10x_md.o(STACK) for Stack_Mem
    system_stm32f10x.o(i.SetSysClock) refers to system_stm32f10x.o(i.SetSysClockTo72) for SetSysClockTo72
    system_stm32f10x.o(i.SystemCoreClockUpdate) refers to system_stm32f10x.o(.data) for SystemCoreClock
    system_stm32f10x.o(i.SystemInit) refers to system_stm32f10x.o(i.SetSysClock) for SetSysClock
    __main.o(!!!main) refers to __rtentry.o(.ARM.Collect$$rtentry$$00000000) for __rt_entry
    __rtentry.o(.ARM.Collect$$rtentry$$00000000) refers (Special) to __rtentry2.o(.ARM.Collect$$rtentry$$0000000A) for __rt_entry_li
    __rtentry.o(.ARM.Collect$$rtentry$$00000000) refers (Special) to __rtentry2.o(.ARM.Collect$$rtentry$$0000000D) for __rt_entry_main
    __rtentry.o(.ARM.Collect$$rtentry$$00000000) refers (Special) to __rtentry2.o(.ARM.Collect$$rtentry$$0000000C) for __rt_entry_postli_1
    __rtentry.o(.ARM.Collect$$rtentry$$00000000) refers (Special) to __rtentry2.o(.ARM.Collect$$rtentry$$00000009) for __rt_entry_postsh_1
    __rtentry.o(.ARM.Collect$$rtentry$$00000000) refers (Special) to __rtentry2.o(.ARM.Collect$$rtentry$$00000002) for __rt_entry_presh_1
    __rtentry.o(.ARM.Collect$$rtentry$$00000000) refers (Special) to __rtentry4.o(.ARM.Collect$$rtentry$$00000004) for __rt_entry_sh
    __rtentry2.o(.ARM.Collect$$rtentry$$00000008) refers to boardinit2.o(.text) for _platform_post_stackheap_init
    __rtentry2.o(.ARM.Collect$$rtentry$$0000000A) refers to libinit.o(.ARM.Collect$$libinit$$00000000) for __rt_lib_init
    __rtentry2.o(.ARM.Collect$$rtentry$$0000000B) refers to boardinit3.o(.text) for _platform_post_lib_init
    __rtentry2.o(.ARM.Collect$$rtentry$$0000000D) refers to main.o(i.main) for main
    __rtentry2.o(.ARM.Collect$$rtentry$$0000000D) refers to exit.o(.text) for exit
    __rtentry2.o(.ARM.exidx) refers to __rtentry2.o(.ARM.Collect$$rtentry$$00000001) for .ARM.Collect$$rtentry$$00000001
    __rtentry2.o(.ARM.exidx) refers to __rtentry2.o(.ARM.Collect$$rtentry$$00000008) for .ARM.Collect$$rtentry$$00000008
    __rtentry2.o(.ARM.exidx) refers to __rtentry2.o(.ARM.Collect$$rtentry$$0000000A) for .ARM.Collect$$rtentry$$0000000A
    __rtentry2.o(.ARM.exidx) refers to __rtentry2.o(.ARM.Collect$$rtentry$$0000000B) for .ARM.Collect$$rtentry$$0000000B
    __rtentry2.o(.ARM.exidx) refers to __rtentry2.o(.ARM.Collect$$rtentry$$0000000D) for .ARM.Collect$$rtentry$$0000000D
    __rtentry4.o(.ARM.Collect$$rtentry$$00000004) refers to sys_stackheap_outer.o(.text) for __user_setup_stackheap
    __rtentry4.o(.ARM.exidx) refers to __rtentry4.o(.ARM.Collect$$rtentry$$00000004) for .ARM.Collect$$rtentry$$00000004
    sys_stackheap_outer.o(.text) refers to libspace.o(.text) for __user_perproc_libspace
    sys_stackheap_outer.o(.text) refers to startup_stm32f10x_md.o(.text) for __user_initial_stackheap
    exit.o(.text) refers to rtexit.o(.ARM.Collect$$rtexit$$00000000) for __rt_exit
    libinit.o(.ARM.Collect$$libinit$$00000000) refers (Special) to libinit2.o(.ARM.Collect$$libinit$$0000002E) for __rt_lib_init_alloca_1
    libinit.o(.ARM.Collect$$libinit$$00000000) refers (Special) to libinit2.o(.ARM.Collect$$libinit$$0000002C) for __rt_lib_init_argv_1
    libinit.o(.ARM.Collect$$libinit$$00000000) refers (Special) to libinit2.o(.ARM.Collect$$libinit$$0000001B) for __rt_lib_init_atexit_1
    libinit.o(.ARM.Collect$$libinit$$00000000) refers (Special) to libinit2.o(.ARM.Collect$$libinit$$00000021) for __rt_lib_init_clock_1
    libinit.o(.ARM.Collect$$libinit$$00000000) refers (Special) to libinit2.o(.ARM.Collect$$libinit$$00000032) for __rt_lib_init_cpp_1
    libinit.o(.ARM.Collect$$libinit$$00000000) refers (Special) to libinit2.o(.ARM.Collect$$libinit$$00000030) for __rt_lib_init_exceptions_1
    libinit.o(.ARM.Collect$$libinit$$00000000) refers (Special) to libinit2.o(.ARM.Collect$$libinit$$00000002) for __rt_lib_init_fp_1
    libinit.o(.ARM.Collect$$libinit$$00000000) refers (Special) to libinit2.o(.ARM.Collect$$libinit$$0000001F) for __rt_lib_init_fp_trap_1
    libinit.o(.ARM.Collect$$libinit$$00000000) refers (Special) to libinit2.o(.ARM.Collect$$libinit$$00000023) for __rt_lib_init_getenv_1
    libinit.o(.ARM.Collect$$libinit$$00000000) refers (Special) to libinit2.o(.ARM.Collect$$libinit$$0000000A) for __rt_lib_init_heap_1
    libinit.o(.ARM.Collect$$libinit$$00000000) refers (Special) to libinit2.o(.ARM.Collect$$libinit$$00000011) for __rt_lib_init_lc_collate_1
    libinit.o(.ARM.Collect$$libinit$$00000000) refers (Special) to libinit2.o(.ARM.Collect$$libinit$$00000013) for __rt_lib_init_lc_ctype_1
    libinit.o(.ARM.Collect$$libinit$$00000000) refers (Special) to libinit2.o(.ARM.Collect$$libinit$$00000015) for __rt_lib_init_lc_monetary_1
    libinit.o(.ARM.Collect$$libinit$$00000000) refers (Special) to libinit2.o(.ARM.Collect$$libinit$$00000017) for __rt_lib_init_lc_numeric_1
    libinit.o(.ARM.Collect$$libinit$$00000000) refers (Special) to libinit2.o(.ARM.Collect$$libinit$$00000019) for __rt_lib_init_lc_time_1
    libinit.o(.ARM.Collect$$libinit$$00000000) refers (Special) to libinit2.o(.ARM.Collect$$libinit$$00000004) for __rt_lib_init_preinit_1
    libinit.o(.ARM.Collect$$libinit$$00000000) refers (Special) to libinit2.o(.ARM.Collect$$libinit$$0000000E) for __rt_lib_init_rand_1
    libinit.o(.ARM.Collect$$libinit$$00000000) refers (Special) to libinit2.o(.ARM.Collect$$libinit$$00000033) for __rt_lib_init_return
    libinit.o(.ARM.Collect$$libinit$$00000000) refers (Special) to libinit2.o(.ARM.Collect$$libinit$$0000001D) for __rt_lib_init_signal_1
    libinit.o(.ARM.Collect$$libinit$$00000000) refers (Special) to libinit2.o(.ARM.Collect$$libinit$$00000025) for __rt_lib_init_stdio_1
    libinit.o(.ARM.Collect$$libinit$$00000000) refers (Special) to libinit2.o(.ARM.Collect$$libinit$$0000000C) for __rt_lib_init_user_alloc_1
    libspace.o(.text) refers to libspace.o(.bss) for __libspace_start
    rtexit.o(.ARM.Collect$$rtexit$$00000000) refers (Special) to rtexit2.o(.ARM.Collect$$rtexit$$00000004) for __rt_exit_exit
    rtexit.o(.ARM.Collect$$rtexit$$00000000) refers (Special) to rtexit2.o(.ARM.Collect$$rtexit$$00000003) for __rt_exit_ls
    rtexit.o(.ARM.Collect$$rtexit$$00000000) refers (Special) to rtexit2.o(.ARM.Collect$$rtexit$$00000002) for __rt_exit_prels_1
    rtexit.o(.ARM.exidx) refers (Special) to rtexit2.o(.ARM.Collect$$rtexit$$00000004) for __rt_exit_exit
    rtexit.o(.ARM.exidx) refers (Special) to rtexit2.o(.ARM.Collect$$rtexit$$00000003) for __rt_exit_ls
    rtexit.o(.ARM.exidx) refers (Special) to rtexit2.o(.ARM.Collect$$rtexit$$00000002) for __rt_exit_prels_1
    rtexit.o(.ARM.exidx) refers to rtexit.o(.ARM.Collect$$rtexit$$00000000) for .ARM.Collect$$rtexit$$00000000
    libinit2.o(.ARM.Collect$$libinit$$00000010) refers to libinit2.o(.ARM.Collect$$libinit$$0000000F) for .ARM.Collect$$libinit$$0000000F
    libinit2.o(.ARM.Collect$$libinit$$00000012) refers to libinit2.o(.ARM.Collect$$libinit$$0000000F) for .ARM.Collect$$libinit$$0000000F
    libinit2.o(.ARM.Collect$$libinit$$00000014) refers to libinit2.o(.ARM.Collect$$libinit$$0000000F) for .ARM.Collect$$libinit$$0000000F
    libinit2.o(.ARM.Collect$$libinit$$00000016) refers to libinit2.o(.ARM.Collect$$libinit$$0000000F) for .ARM.Collect$$libinit$$0000000F
    libinit2.o(.ARM.Collect$$libinit$$00000018) refers to libinit2.o(.ARM.Collect$$libinit$$0000000F) for .ARM.Collect$$libinit$$0000000F
    libinit2.o(.ARM.Collect$$libinit$$00000026) refers to argv_veneer.o(.emb_text) for __ARM_argv_veneer
    libinit2.o(.ARM.Collect$$libinit$$00000027) refers to argv_veneer.o(.emb_text) for __ARM_argv_veneer
    rtexit2.o(.ARM.Collect$$rtexit$$00000003) refers to libshutdown.o(.ARM.Collect$$libshutdown$$00000000) for __rt_lib_shutdown
    rtexit2.o(.ARM.Collect$$rtexit$$00000004) refers to sys_exit.o(.text) for _sys_exit
    rtexit2.o(.ARM.exidx) refers to rtexit2.o(.ARM.Collect$$rtexit$$00000001) for .ARM.Collect$$rtexit$$00000001
    rtexit2.o(.ARM.exidx) refers to rtexit2.o(.ARM.Collect$$rtexit$$00000003) for .ARM.Collect$$rtexit$$00000003
    rtexit2.o(.ARM.exidx) refers to rtexit2.o(.ARM.Collect$$rtexit$$00000004) for .ARM.Collect$$rtexit$$00000004
    argv_veneer.o(.emb_text) refers to no_argv.o(.text) for __ARM_get_argv
    sys_exit.o(.text) refers (Special) to use_no_semi.o(.text) for __I$use$semihosting
    sys_exit.o(.text) refers (Special) to indicate_semi.o(.text) for __semihosting_library_function
    _get_argv_nomalloc.o(.text) refers (Special) to hrguard.o(.text) for __heap_region$guard
    _get_argv_nomalloc.o(.text) refers to defsig_rtmem_outer.o(.text) for __rt_SIGRTMEM
    _get_argv_nomalloc.o(.text) refers to sys_command.o(.text) for _sys_command_string
    libshutdown.o(.ARM.Collect$$libshutdown$$00000000) refers (Special) to libshutdown2.o(.ARM.Collect$$libshutdown$$00000002) for __rt_lib_shutdown_cpp_1
    libshutdown.o(.ARM.Collect$$libshutdown$$00000000) refers (Special) to libshutdown2.o(.ARM.Collect$$libshutdown$$00000007) for __rt_lib_shutdown_fp_trap_1
    libshutdown.o(.ARM.Collect$$libshutdown$$00000000) refers (Special) to libshutdown2.o(.ARM.Collect$$libshutdown$$0000000F) for __rt_lib_shutdown_heap_1
    libshutdown.o(.ARM.Collect$$libshutdown$$00000000) refers (Special) to libshutdown2.o(.ARM.Collect$$libshutdown$$00000010) for __rt_lib_shutdown_return
    libshutdown.o(.ARM.Collect$$libshutdown$$00000000) refers (Special) to libshutdown2.o(.ARM.Collect$$libshutdown$$0000000A) for __rt_lib_shutdown_signal_1
    libshutdown.o(.ARM.Collect$$libshutdown$$00000000) refers (Special) to libshutdown2.o(.ARM.Collect$$libshutdown$$00000004) for __rt_lib_shutdown_stdio_1
    libshutdown.o(.ARM.Collect$$libshutdown$$00000000) refers (Special) to libshutdown2.o(.ARM.Collect$$libshutdown$$0000000C) for __rt_lib_shutdown_user_alloc_1
    sys_command.o(.text) refers (Special) to use_no_semi.o(.text) for __I$use$semihosting
    sys_command.o(.text) refers (Special) to indicate_semi.o(.text) for __semihosting_library_function
    defsig_rtmem_outer.o(.text) refers to defsig_rtmem_inner.o(.text) for __rt_SIGRTMEM_inner
    defsig_rtmem_outer.o(.text) refers to defsig_exit.o(.text) for __sig_exit
    defsig_rtmem_formal.o(.text) refers to rt_raise.o(.text) for __rt_raise
    rt_raise.o(.text) refers to __raise.o(.text) for __raise
    rt_raise.o(.text) refers to sys_exit.o(.text) for _sys_exit
    defsig_exit.o(.text) refers to sys_exit.o(.text) for _sys_exit
    defsig_rtmem_inner.o(.text) refers to defsig_general.o(.text) for __default_signal_display
    __raise.o(.text) refers to defsig.o(CL$$defsig) for __default_signal_handler
    defsig_general.o(.text) refers to sys_wrch.o(.text) for _ttywrch
    sys_wrch.o(.text) refers (Special) to use_no_semi.o(.text) for __I$use$semihosting
    sys_wrch.o(.text) refers (Special) to indicate_semi.o(.text) for __semihosting_library_function
    defsig.o(CL$$defsig) refers to defsig_rtmem_inner.o(.text) for __rt_SIGRTMEM_inner
    defsig_abrt_inner.o(.text) refers to defsig_general.o(.text) for __default_signal_display
    defsig_fpe_inner.o(.text) refers to defsig_general.o(.text) for __default_signal_display
    defsig_rtred_inner.o(.text) refers to defsig_general.o(.text) for __default_signal_display
    defsig_stak_inner.o(.text) refers to defsig_general.o(.text) for __default_signal_display
    defsig_pvfn_inner.o(.text) refers to defsig_general.o(.text) for __default_signal_display
    defsig_cppl_inner.o(.text) refers to defsig_general.o(.text) for __default_signal_display
    defsig_segv_inner.o(.text) refers to defsig_general.o(.text) for __default_signal_display
    defsig_other.o(.text) refers to defsig_general.o(.text) for __default_signal_display


==============================================================================

Removing Unused input sections from the image.

    Removing delay.o(.rev16_text), (4 bytes).
    Removing delay.o(.revsh_text), (4 bytes).
    Removing delay.o(.rrx_text), (6 bytes).
    Removing i2c.o(.rev16_text), (4 bytes).
    Removing i2c.o(.revsh_text), (4 bytes).
    Removing i2c.o(.rrx_text), (6 bytes).
    Removing i2c.o(i.I2C_ReadData), (36 bytes).
    Removing liquidcrystal_i2c.o(.rev16_text), (4 bytes).
    Removing liquidcrystal_i2c.o(.revsh_text), (4 bytes).
    Removing liquidcrystal_i2c.o(.rrx_text), (6 bytes).
    Removing liquidcrystal_i2c.o(i.LCDI2C_autoscroll), (32 bytes).
    Removing liquidcrystal_i2c.o(i.LCDI2C_blink), (32 bytes).
    Removing liquidcrystal_i2c.o(i.LCDI2C_blink_off), (8 bytes).
    Removing liquidcrystal_i2c.o(i.LCDI2C_blink_on), (8 bytes).
    Removing liquidcrystal_i2c.o(i.LCDI2C_createChar), (38 bytes).
    Removing liquidcrystal_i2c.o(i.LCDI2C_cursor), (32 bytes).
    Removing liquidcrystal_i2c.o(i.LCDI2C_cursor_off), (8 bytes).
    Removing liquidcrystal_i2c.o(i.LCDI2C_cursor_on), (8 bytes).
    Removing liquidcrystal_i2c.o(i.LCDI2C_leftToRight), (32 bytes).
    Removing liquidcrystal_i2c.o(i.LCDI2C_load_custom_character), (16 bytes).
    Removing liquidcrystal_i2c.o(i.LCDI2C_noAutoscroll), (32 bytes).
    Removing liquidcrystal_i2c.o(i.LCDI2C_noBlink), (32 bytes).
    Removing liquidcrystal_i2c.o(i.LCDI2C_noCursor), (32 bytes).
    Removing liquidcrystal_i2c.o(i.LCDI2C_noDisplay), (32 bytes).
    Removing liquidcrystal_i2c.o(i.LCDI2C_rightToLeft), (32 bytes).
    Removing liquidcrystal_i2c.o(i.LCDI2C_scrollDisplayLeft), (10 bytes).
    Removing liquidcrystal_i2c.o(i.LCDI2C_scrollDisplayRight), (10 bytes).
    Removing liquidcrystal_i2c.o(i.LCDI2C_setBacklight), (18 bytes).
    Removing main.o(.rev16_text), (4 bytes).
    Removing main.o(.revsh_text), (4 bytes).
    Removing main.o(.rrx_text), (6 bytes).
    Removing usart.o(.rev16_text), (4 bytes).
    Removing usart.o(.revsh_text), (4 bytes).
    Removing usart.o(.rrx_text), (6 bytes).
    Removing usart.o(i.Usart1_Send_String), (34 bytes).
    Removing usart.o(i.Usart1_Send_symbol), (28 bytes).
    Removing misc.o(.rev16_text), (4 bytes).
    Removing misc.o(.revsh_text), (4 bytes).
    Removing misc.o(.rrx_text), (6 bytes).
    Removing misc.o(i.NVIC_PriorityGroupConfig), (20 bytes).
    Removing misc.o(i.NVIC_SetVectorTable), (20 bytes).
    Removing misc.o(i.NVIC_SystemLPConfig), (32 bytes).
    Removing misc.o(i.SysTick_CLKSourceConfig), (40 bytes).
    Removing stm32f10x_gpio.o(.rev16_text), (4 bytes).
    Removing stm32f10x_gpio.o(.revsh_text), (4 bytes).
    Removing stm32f10x_gpio.o(.rrx_text), (6 bytes).
    Removing stm32f10x_gpio.o(i.GPIO_AFIODeInit), (20 bytes).
    Removing stm32f10x_gpio.o(i.GPIO_DeInit), (200 bytes).
    Removing stm32f10x_gpio.o(i.GPIO_ETH_MediaInterfaceConfig), (12 bytes).
    Removing stm32f10x_gpio.o(i.GPIO_EXTILineConfig), (64 bytes).
    Removing stm32f10x_gpio.o(i.GPIO_EventOutputCmd), (12 bytes).
    Removing stm32f10x_gpio.o(i.GPIO_EventOutputConfig), (32 bytes).
    Removing stm32f10x_gpio.o(i.GPIO_PinLockConfig), (18 bytes).
    Removing stm32f10x_gpio.o(i.GPIO_PinRemapConfig), (144 bytes).
    Removing stm32f10x_gpio.o(i.GPIO_ReadInputData), (8 bytes).
    Removing stm32f10x_gpio.o(i.GPIO_ReadInputDataBit), (18 bytes).
    Removing stm32f10x_gpio.o(i.GPIO_ReadOutputData), (8 bytes).
    Removing stm32f10x_gpio.o(i.GPIO_ReadOutputDataBit), (18 bytes).
    Removing stm32f10x_gpio.o(i.GPIO_ResetBits), (4 bytes).
    Removing stm32f10x_gpio.o(i.GPIO_SetBits), (4 bytes).
    Removing stm32f10x_gpio.o(i.GPIO_StructInit), (16 bytes).
    Removing stm32f10x_gpio.o(i.GPIO_Write), (4 bytes).
    Removing stm32f10x_gpio.o(i.GPIO_WriteBit), (10 bytes).
    Removing stm32f10x_i2c.o(.rev16_text), (4 bytes).
    Removing stm32f10x_i2c.o(.revsh_text), (4 bytes).
    Removing stm32f10x_i2c.o(.rrx_text), (6 bytes).
    Removing stm32f10x_i2c.o(i.I2C_ARPCmd), (24 bytes).
    Removing stm32f10x_i2c.o(i.I2C_AcknowledgeConfig), (24 bytes).
    Removing stm32f10x_i2c.o(i.I2C_CalculatePEC), (24 bytes).
    Removing stm32f10x_i2c.o(i.I2C_ClearFlag), (12 bytes).
    Removing stm32f10x_i2c.o(i.I2C_ClearITPendingBit), (12 bytes).
    Removing stm32f10x_i2c.o(i.I2C_DMACmd), (24 bytes).
    Removing stm32f10x_i2c.o(i.I2C_DMALastTransferCmd), (24 bytes).
    Removing stm32f10x_i2c.o(i.I2C_DeInit), (56 bytes).
    Removing stm32f10x_i2c.o(i.I2C_DualAddressCmd), (24 bytes).
    Removing stm32f10x_i2c.o(i.I2C_FastModeDutyCycleConfig), (28 bytes).
    Removing stm32f10x_i2c.o(i.I2C_GeneralCallCmd), (24 bytes).
    Removing stm32f10x_i2c.o(i.I2C_GetITStatus), (38 bytes).
    Removing stm32f10x_i2c.o(i.I2C_GetLastEvent), (26 bytes).
    Removing stm32f10x_i2c.o(i.I2C_GetPEC), (8 bytes).
    Removing stm32f10x_i2c.o(i.I2C_ITConfig), (18 bytes).
    Removing stm32f10x_i2c.o(i.I2C_NACKPositionConfig), (28 bytes).
    Removing stm32f10x_i2c.o(i.I2C_OwnAddress2Config), (22 bytes).
    Removing stm32f10x_i2c.o(i.I2C_PECPositionConfig), (28 bytes).
    Removing stm32f10x_i2c.o(i.I2C_ReadRegister), (22 bytes).
    Removing stm32f10x_i2c.o(i.I2C_ReceiveData), (8 bytes).
    Removing stm32f10x_i2c.o(i.I2C_SMBusAlertConfig), (28 bytes).
    Removing stm32f10x_i2c.o(i.I2C_SoftwareResetCmd), (22 bytes).
    Removing stm32f10x_i2c.o(i.I2C_StretchClockCmd), (24 bytes).
    Removing stm32f10x_i2c.o(i.I2C_StructInit), (30 bytes).
    Removing stm32f10x_i2c.o(i.I2C_TransmitPEC), (24 bytes).
    Removing stm32f10x_rcc.o(.rev16_text), (4 bytes).
    Removing stm32f10x_rcc.o(.revsh_text), (4 bytes).
    Removing stm32f10x_rcc.o(.rrx_text), (6 bytes).
    Removing stm32f10x_rcc.o(i.RCC_ADCCLKConfig), (24 bytes).
    Removing stm32f10x_rcc.o(i.RCC_AHBPeriphClockCmd), (32 bytes).
    Removing stm32f10x_rcc.o(i.RCC_APB1PeriphResetCmd), (32 bytes).
    Removing stm32f10x_rcc.o(i.RCC_APB2PeriphResetCmd), (32 bytes).
    Removing stm32f10x_rcc.o(i.RCC_AdjustHSICalibrationValue), (24 bytes).
    Removing stm32f10x_rcc.o(i.RCC_BackupResetCmd), (12 bytes).
    Removing stm32f10x_rcc.o(i.RCC_ClearFlag), (20 bytes).
    Removing stm32f10x_rcc.o(i.RCC_ClearITPendingBit), (12 bytes).
    Removing stm32f10x_rcc.o(i.RCC_ClockSecuritySystemCmd), (12 bytes).
    Removing stm32f10x_rcc.o(i.RCC_DeInit), (76 bytes).
    Removing stm32f10x_rcc.o(i.RCC_GetFlagStatus), (60 bytes).
    Removing stm32f10x_rcc.o(i.RCC_GetITStatus), (24 bytes).
    Removing stm32f10x_rcc.o(i.RCC_GetSYSCLKSource), (16 bytes).
    Removing stm32f10x_rcc.o(i.RCC_HCLKConfig), (24 bytes).
    Removing stm32f10x_rcc.o(i.RCC_HSEConfig), (76 bytes).
    Removing stm32f10x_rcc.o(i.RCC_HSICmd), (12 bytes).
    Removing stm32f10x_rcc.o(i.RCC_ITConfig), (32 bytes).
    Removing stm32f10x_rcc.o(i.RCC_LSEConfig), (52 bytes).
    Removing stm32f10x_rcc.o(i.RCC_LSICmd), (12 bytes).
    Removing stm32f10x_rcc.o(i.RCC_MCOConfig), (12 bytes).
    Removing stm32f10x_rcc.o(i.RCC_PCLK1Config), (24 bytes).
    Removing stm32f10x_rcc.o(i.RCC_PCLK2Config), (24 bytes).
    Removing stm32f10x_rcc.o(i.RCC_PLLCmd), (12 bytes).
    Removing stm32f10x_rcc.o(i.RCC_PLLConfig), (28 bytes).
    Removing stm32f10x_rcc.o(i.RCC_RTCCLKCmd), (12 bytes).
    Removing stm32f10x_rcc.o(i.RCC_RTCCLKConfig), (16 bytes).
    Removing stm32f10x_rcc.o(i.RCC_SYSCLKConfig), (24 bytes).
    Removing stm32f10x_rcc.o(i.RCC_USBCLKConfig), (12 bytes).
    Removing stm32f10x_rcc.o(i.RCC_WaitForHSEStartUp), (56 bytes).
    Removing stm32f10x_usart.o(.rev16_text), (4 bytes).
    Removing stm32f10x_usart.o(.revsh_text), (4 bytes).
    Removing stm32f10x_usart.o(.rrx_text), (6 bytes).
    Removing stm32f10x_usart.o(i.USART_ClearITPendingBit), (30 bytes).
    Removing stm32f10x_usart.o(i.USART_ClockInit), (34 bytes).
    Removing stm32f10x_usart.o(i.USART_ClockStructInit), (12 bytes).
    Removing stm32f10x_usart.o(i.USART_DMACmd), (18 bytes).
    Removing stm32f10x_usart.o(i.USART_DeInit), (156 bytes).
    Removing stm32f10x_usart.o(i.USART_HalfDuplexCmd), (24 bytes).
    Removing stm32f10x_usart.o(i.USART_IrDACmd), (24 bytes).
    Removing stm32f10x_usart.o(i.USART_IrDAConfig), (18 bytes).
    Removing stm32f10x_usart.o(i.USART_LINBreakDetectLengthConfig), (18 bytes).
    Removing stm32f10x_usart.o(i.USART_LINCmd), (24 bytes).
    Removing stm32f10x_usart.o(i.USART_OneBitMethodCmd), (24 bytes).
    Removing stm32f10x_usart.o(i.USART_OverSampling8Cmd), (22 bytes).
    Removing stm32f10x_usart.o(i.USART_ReceiverWakeUpCmd), (24 bytes).
    Removing stm32f10x_usart.o(i.USART_SendBreak), (10 bytes).
    Removing stm32f10x_usart.o(i.USART_SetAddress), (18 bytes).
    Removing stm32f10x_usart.o(i.USART_SetGuardTime), (16 bytes).
    Removing stm32f10x_usart.o(i.USART_SetPrescaler), (16 bytes).
    Removing stm32f10x_usart.o(i.USART_SmartCardCmd), (24 bytes).
    Removing stm32f10x_usart.o(i.USART_SmartCardNACKCmd), (24 bytes).
    Removing stm32f10x_usart.o(i.USART_StructInit), (24 bytes).
    Removing stm32f10x_usart.o(i.USART_WakeUpConfig), (18 bytes).
    Removing gpio_stm32f10x.o(.rev16_text), (4 bytes).
    Removing gpio_stm32f10x.o(.revsh_text), (4 bytes).
    Removing gpio_stm32f10x.o(.rrx_text), (6 bytes).
    Removing gpio_stm32f10x.o(i.GPIO_AFConfigure), (156 bytes).
    Removing gpio_stm32f10x.o(i.GPIO_GetPortClockState), (152 bytes).
    Removing gpio_stm32f10x.o(i.GPIO_PinConfigure), (120 bytes).
    Removing gpio_stm32f10x.o(i.GPIO_PortClock), (316 bytes).
    Removing system_stm32f10x.o(.rev16_text), (4 bytes).
    Removing system_stm32f10x.o(.revsh_text), (4 bytes).
    Removing system_stm32f10x.o(.rrx_text), (6 bytes).
    Removing system_stm32f10x.o(i.SystemCoreClockUpdate), (164 bytes).
    Removing system_stm32f10x.o(.data), (20 bytes).

159 unused section(s) (total 4294 bytes) removed from the image.

==============================================================================

Image Symbol Table

    Local Symbols

    Symbol Name                              Value     Ov Type        Size  Object(Section)

    ../clib/angel/boardlib.s                 0x00000000   Number         0  boardinit3.o ABSOLUTE
    ../clib/angel/boardlib.s                 0x00000000   Number         0  boardinit2.o ABSOLUTE
    ../clib/angel/boardlib.s                 0x00000000   Number         0  boardinit1.o ABSOLUTE
    ../clib/angel/boardlib.s                 0x00000000   Number         0  boardshut.o ABSOLUTE
    ../clib/angel/handlers.s                 0x00000000   Number         0  __scatter_zi.o ABSOLUTE
    ../clib/angel/handlers.s                 0x00000000   Number         0  __scatter_copy.o ABSOLUTE
    ../clib/angel/kernel.s                   0x00000000   Number         0  __rtentry.o ABSOLUTE
    ../clib/angel/kernel.s                   0x00000000   Number         0  rtexit.o ABSOLUTE
    ../clib/angel/kernel.s                   0x00000000   Number         0  rtexit2.o ABSOLUTE
    ../clib/angel/kernel.s                   0x00000000   Number         0  __rtentry4.o ABSOLUTE
    ../clib/angel/kernel.s                   0x00000000   Number         0  __rtentry2.o ABSOLUTE
    ../clib/angel/rt.s                       0x00000000   Number         0  rt_raise.o ABSOLUTE
    ../clib/angel/scatter.s                  0x00000000   Number         0  __scatter.o ABSOLUTE
    ../clib/angel/startup.s                  0x00000000   Number         0  __main.o ABSOLUTE
    ../clib/angel/sys.s                      0x00000000   Number         0  libspace.o ABSOLUTE
    ../clib/angel/sys.s                      0x00000000   Number         0  sys_stackheap_outer.o ABSOLUTE
    ../clib/angel/sys.s                      0x00000000   Number         0  use_no_semi.o ABSOLUTE
    ../clib/angel/sys.s                      0x00000000   Number         0  indicate_semi.o ABSOLUTE
    ../clib/angel/sysapp.c                   0x00000000   Number         0  sys_exit.o ABSOLUTE
    ../clib/angel/sysapp.c                   0x00000000   Number         0  sys_wrch.o ABSOLUTE
    ../clib/angel/sysapp.c                   0x00000000   Number         0  sys_command.o ABSOLUTE
    ../clib/armsys.c                         0x00000000   Number         0  argv_veneer.o ABSOLUTE
    ../clib/armsys.c                         0x00000000   Number         0  argv_veneer.o ABSOLUTE
    ../clib/armsys.c                         0x00000000   Number         0  _get_argv_nomalloc.o ABSOLUTE
    ../clib/armsys.c                         0x00000000   Number         0  no_argv.o ABSOLUTE
    ../clib/heapalloc.c                      0x00000000   Number         0  hrguard.o ABSOLUTE
    ../clib/heapaux.c                        0x00000000   Number         0  heapauxi.o ABSOLUTE
    ../clib/libinit.s                        0x00000000   Number         0  libinit2.o ABSOLUTE
    ../clib/libinit.s                        0x00000000   Number         0  libshutdown2.o ABSOLUTE
    ../clib/libinit.s                        0x00000000   Number         0  libinit.o ABSOLUTE
    ../clib/libinit.s                        0x00000000   Number         0  libshutdown.o ABSOLUTE
    ../clib/memcpset.s                       0x00000000   Number         0  rt_memclr_w.o ABSOLUTE
    ../clib/memcpset.s                       0x00000000   Number         0  rt_memcpy_w.o ABSOLUTE
    ../clib/signal.c                         0x00000000   Number         0  defsig_rtmem_formal.o ABSOLUTE
    ../clib/signal.c                         0x00000000   Number         0  defsig_fpe_inner.o ABSOLUTE
    ../clib/signal.c                         0x00000000   Number         0  defsig_other.o ABSOLUTE
    ../clib/signal.c                         0x00000000   Number         0  defsig_segv_inner.o ABSOLUTE
    ../clib/signal.c                         0x00000000   Number         0  defsig_cppl_inner.o ABSOLUTE
    ../clib/signal.c                         0x00000000   Number         0  defsig_pvfn_inner.o ABSOLUTE
    ../clib/signal.c                         0x00000000   Number         0  defsig_stak_inner.o ABSOLUTE
    ../clib/signal.c                         0x00000000   Number         0  defsig_rtred_inner.o ABSOLUTE
    ../clib/signal.c                         0x00000000   Number         0  defsig_rtmem_outer.o ABSOLUTE
    ../clib/signal.c                         0x00000000   Number         0  defsig_general.o ABSOLUTE
    ../clib/signal.c                         0x00000000   Number         0  __raise.o ABSOLUTE
    ../clib/signal.c                         0x00000000   Number         0  defsig_rtmem_inner.o ABSOLUTE
    ../clib/signal.c                         0x00000000   Number         0  defsig_exit.o ABSOLUTE
    ../clib/signal.c                         0x00000000   Number         0  defsig_abrt_inner.o ABSOLUTE
    ../clib/signal.s                         0x00000000   Number         0  defsig.o ABSOLUTE
    ../clib/stdlib.c                         0x00000000   Number         0  exit.o ABSOLUTE
    ../fplib/fpinit.s                        0x00000000   Number         0  fpinit.o ABSOLUTE
    C:\Users\minex\AppData\Local\Arm\Packs\Keil\STM32F1xx_DFP\2.3.0\Device\StdPeriph_Driver\src\misc.c 0x00000000   Number         0  misc.o ABSOLUTE
    C:\Users\minex\AppData\Local\Arm\Packs\Keil\STM32F1xx_DFP\2.3.0\Device\StdPeriph_Driver\src\stm32f10x_gpio.c 0x00000000   Number         0  stm32f10x_gpio.o ABSOLUTE
    C:\Users\minex\AppData\Local\Arm\Packs\Keil\STM32F1xx_DFP\2.3.0\Device\StdPeriph_Driver\src\stm32f10x_i2c.c 0x00000000   Number         0  stm32f10x_i2c.o ABSOLUTE
    C:\Users\minex\AppData\Local\Arm\Packs\Keil\STM32F1xx_DFP\2.3.0\Device\StdPeriph_Driver\src\stm32f10x_rcc.c 0x00000000   Number         0  stm32f10x_rcc.o ABSOLUTE
    C:\Users\minex\AppData\Local\Arm\Packs\Keil\STM32F1xx_DFP\2.3.0\Device\StdPeriph_Driver\src\stm32f10x_usart.c 0x00000000   Number         0  stm32f10x_usart.o ABSOLUTE
    C:\Users\minex\AppData\Local\Arm\Packs\Keil\STM32F1xx_DFP\2.3.0\RTE_Driver\GPIO_STM32F10x.c 0x00000000   Number         0  gpio_stm32f10x.o ABSOLUTE
    C:\\Users\\minex\\AppData\\Local\\Arm\\Packs\\Keil\\STM32F1xx_DFP\\2.3.0\\Device\\StdPeriph_Driver\\src\\misc.c 0x00000000   Number         0  misc.o ABSOLUTE
    C:\\Users\\minex\\AppData\\Local\\Arm\\Packs\\Keil\\STM32F1xx_DFP\\2.3.0\\Device\\StdPeriph_Driver\\src\\stm32f10x_gpio.c 0x00000000   Number         0  stm32f10x_gpio.o ABSOLUTE
    C:\\Users\\minex\\AppData\\Local\\Arm\\Packs\\Keil\\STM32F1xx_DFP\\2.3.0\\Device\\StdPeriph_Driver\\src\\stm32f10x_i2c.c 0x00000000   Number         0  stm32f10x_i2c.o ABSOLUTE
    C:\\Users\\minex\\AppData\\Local\\Arm\\Packs\\Keil\\STM32F1xx_DFP\\2.3.0\\Device\\StdPeriph_Driver\\src\\stm32f10x_rcc.c 0x00000000   Number         0  stm32f10x_rcc.o ABSOLUTE
    C:\\Users\\minex\\AppData\\Local\\Arm\\Packs\\Keil\\STM32F1xx_DFP\\2.3.0\\Device\\StdPeriph_Driver\\src\\stm32f10x_usart.c 0x00000000   Number         0  stm32f10x_usart.o ABSOLUTE
    C:\\Users\\minex\\AppData\\Local\\Arm\\Packs\\Keil\\STM32F1xx_DFP\\2.3.0\\RTE_Driver\\GPIO_STM32F10x.c 0x00000000   Number         0  gpio_stm32f10x.o ABSOLUTE
    RTE\Device\STM32F103C8\startup_stm32f10x_md.s 0x00000000   Number         0  startup_stm32f10x_md.o ABSOLUTE
    RTE\Device\STM32F103C8\system_stm32f10x.c 0x00000000   Number         0  system_stm32f10x.o ABSOLUTE
    RTE\\Device\\STM32F103C8\\system_stm32f10x.c 0x00000000   Number         0  system_stm32f10x.o ABSOLUTE
    dc.s                                     0x00000000   Number         0  dc.o ABSOLUTE
    src\I2C.c                                0x00000000   Number         0  i2c.o ABSOLUTE
    src\LiquidCrystal_I2C.c                  0x00000000   Number         0  liquidcrystal_i2c.o ABSOLUTE
    src\USART.c                              0x00000000   Number         0  usart.o ABSOLUTE
    src\\I2C.c                               0x00000000   Number         0  i2c.o ABSOLUTE
    src\\LiquidCrystal_I2C.c                 0x00000000   Number         0  liquidcrystal_i2c.o ABSOLUTE
    src\\USART.c                             0x00000000   Number         0  usart.o ABSOLUTE
    src\\delay.c                             0x00000000   Number         0  delay.o ABSOLUTE
    src\\main.c                              0x00000000   Number         0  main.o ABSOLUTE
    src\delay.c                              0x00000000   Number         0  delay.o ABSOLUTE
    src\main.c                               0x00000000   Number         0  main.o ABSOLUTE
    RESET                                    0x08000000   Section      236  startup_stm32f10x_md.o(RESET)
    !!!main                                  0x080000ec   Section        8  __main.o(!!!main)
    !!!scatter                               0x080000f4   Section       52  __scatter.o(!!!scatter)
    !!handler_copy                           0x08000128   Section       26  __scatter_copy.o(!!handler_copy)
    !!handler_zi                             0x08000144   Section       28  __scatter_zi.o(!!handler_zi)
    .ARM.Collect$$libinit$$00000000          0x08000160   Section        2  libinit.o(.ARM.Collect$$libinit$$00000000)
    .ARM.Collect$$libinit$$00000002          0x08000162   Section        0  libinit2.o(.ARM.Collect$$libinit$$00000002)
    .ARM.Collect$$libinit$$00000004          0x08000162   Section        0  libinit2.o(.ARM.Collect$$libinit$$00000004)
    .ARM.Collect$$libinit$$0000000A          0x08000162   Section        0  libinit2.o(.ARM.Collect$$libinit$$0000000A)
    .ARM.Collect$$libinit$$0000000C          0x08000162   Section        0  libinit2.o(.ARM.Collect$$libinit$$0000000C)
    .ARM.Collect$$libinit$$0000000E          0x08000162   Section        0  libinit2.o(.ARM.Collect$$libinit$$0000000E)
    .ARM.Collect$$libinit$$00000011          0x08000162   Section        0  libinit2.o(.ARM.Collect$$libinit$$00000011)
    .ARM.Collect$$libinit$$00000013          0x08000162   Section        0  libinit2.o(.ARM.Collect$$libinit$$00000013)
    .ARM.Collect$$libinit$$00000015          0x08000162   Section        0  libinit2.o(.ARM.Collect$$libinit$$00000015)
    .ARM.Collect$$libinit$$00000017          0x08000162   Section        0  libinit2.o(.ARM.Collect$$libinit$$00000017)
    .ARM.Collect$$libinit$$00000019          0x08000162   Section        0  libinit2.o(.ARM.Collect$$libinit$$00000019)
    .ARM.Collect$$libinit$$0000001B          0x08000162   Section        0  libinit2.o(.ARM.Collect$$libinit$$0000001B)
    .ARM.Collect$$libinit$$0000001D          0x08000162   Section        0  libinit2.o(.ARM.Collect$$libinit$$0000001D)
    .ARM.Collect$$libinit$$0000001F          0x08000162   Section        0  libinit2.o(.ARM.Collect$$libinit$$0000001F)
    .ARM.Collect$$libinit$$00000021          0x08000162   Section        0  libinit2.o(.ARM.Collect$$libinit$$00000021)
    .ARM.Collect$$libinit$$00000023          0x08000162   Section        0  libinit2.o(.ARM.Collect$$libinit$$00000023)
    .ARM.Collect$$libinit$$00000025          0x08000162   Section        0  libinit2.o(.ARM.Collect$$libinit$$00000025)
    .ARM.Collect$$libinit$$0000002C          0x08000162   Section        0  libinit2.o(.ARM.Collect$$libinit$$0000002C)
    .ARM.Collect$$libinit$$0000002E          0x08000162   Section        0  libinit2.o(.ARM.Collect$$libinit$$0000002E)
    .ARM.Collect$$libinit$$00000030          0x08000162   Section        0  libinit2.o(.ARM.Collect$$libinit$$00000030)
    .ARM.Collect$$libinit$$00000032          0x08000162   Section        0  libinit2.o(.ARM.Collect$$libinit$$00000032)
    .ARM.Collect$$libinit$$00000033          0x08000162   Section        2  libinit2.o(.ARM.Collect$$libinit$$00000033)
    .ARM.Collect$$libshutdown$$00000000      0x08000164   Section        2  libshutdown.o(.ARM.Collect$$libshutdown$$00000000)
    .ARM.Collect$$libshutdown$$00000002      0x08000166   Section        0  libshutdown2.o(.ARM.Collect$$libshutdown$$00000002)
    .ARM.Collect$$libshutdown$$00000004      0x08000166   Section        0  libshutdown2.o(.ARM.Collect$$libshutdown$$00000004)
    .ARM.Collect$$libshutdown$$00000007      0x08000166   Section        0  libshutdown2.o(.ARM.Collect$$libshutdown$$00000007)
    .ARM.Collect$$libshutdown$$0000000A      0x08000166   Section        0  libshutdown2.o(.ARM.Collect$$libshutdown$$0000000A)
    .ARM.Collect$$libshutdown$$0000000C      0x08000166   Section        0  libshutdown2.o(.ARM.Collect$$libshutdown$$0000000C)
    .ARM.Collect$$libshutdown$$0000000F      0x08000166   Section        0  libshutdown2.o(.ARM.Collect$$libshutdown$$0000000F)
    .ARM.Collect$$libshutdown$$00000010      0x08000166   Section        2  libshutdown2.o(.ARM.Collect$$libshutdown$$00000010)
    .ARM.Collect$$rtentry$$00000000          0x08000168   Section        0  __rtentry.o(.ARM.Collect$$rtentry$$00000000)
    .ARM.Collect$$rtentry$$00000002          0x08000168   Section        0  __rtentry2.o(.ARM.Collect$$rtentry$$00000002)
    .ARM.Collect$$rtentry$$00000004          0x08000168   Section        6  __rtentry4.o(.ARM.Collect$$rtentry$$00000004)
    .ARM.Collect$$rtentry$$00000009          0x0800016e   Section        0  __rtentry2.o(.ARM.Collect$$rtentry$$00000009)
    .ARM.Collect$$rtentry$$0000000A          0x0800016e   Section        4  __rtentry2.o(.ARM.Collect$$rtentry$$0000000A)
    .ARM.Collect$$rtentry$$0000000C          0x08000172   Section        0  __rtentry2.o(.ARM.Collect$$rtentry$$0000000C)
    .ARM.Collect$$rtentry$$0000000D          0x08000172   Section        8  __rtentry2.o(.ARM.Collect$$rtentry$$0000000D)
    .ARM.Collect$$rtexit$$00000000           0x0800017a   Section        2  rtexit.o(.ARM.Collect$$rtexit$$00000000)
    .ARM.Collect$$rtexit$$00000002           0x0800017c   Section        0  rtexit2.o(.ARM.Collect$$rtexit$$00000002)
    .ARM.Collect$$rtexit$$00000003           0x0800017c   Section        4  rtexit2.o(.ARM.Collect$$rtexit$$00000003)
    .ARM.Collect$$rtexit$$00000004           0x08000180   Section        6  rtexit2.o(.ARM.Collect$$rtexit$$00000004)
    .text                                    0x08000188   Section       64  startup_stm32f10x_md.o(.text)
    .text                                    0x080001c8   Section      100  rt_memcpy_w.o(.text)
    .text                                    0x0800022c   Section       78  rt_memclr_w.o(.text)
    .text                                    0x0800027a   Section        0  heapauxi.o(.text)
    .text                                    0x08000280   Section       74  sys_stackheap_outer.o(.text)
    .text                                    0x080002ca   Section        0  exit.o(.text)
    .text                                    0x080002dc   Section        8  libspace.o(.text)
    .text                                    0x080002e4   Section        0  sys_exit.o(.text)
    .text                                    0x080002f0   Section        2  use_no_semi.o(.text)
    .text                                    0x080002f2   Section        0  indicate_semi.o(.text)
    i.CO2_Tx                                 0x080002f4   Section        0  main.o(i.CO2_Tx)
    i.CheckSum                               0x0800032c   Section        0  main.o(i.CheckSum)
    i.Delay                                  0x080003a0   Section        0  delay.o(i.Delay)
    i.DelayMC                                0x080003cc   Section        0  delay.o(i.DelayMC)
    i.GPIO_Init                              0x080003fc   Section        0  stm32f10x_gpio.o(i.GPIO_Init)
    i.I2C_CheckEvent                         0x08000512   Section        0  stm32f10x_i2c.o(i.I2C_CheckEvent)
    i.I2C_Cmd                                0x0800053c   Section        0  stm32f10x_i2c.o(i.I2C_Cmd)
    i.I2C_GenerateSTART                      0x08000554   Section        0  stm32f10x_i2c.o(i.I2C_GenerateSTART)
    i.I2C_GenerateSTOP                       0x0800056c   Section        0  stm32f10x_i2c.o(i.I2C_GenerateSTOP)
    i.I2C_GetFlagStatus                      0x08000584   Section        0  stm32f10x_i2c.o(i.I2C_GetFlagStatus)
    i.I2C_Init                               0x080005c0   Section        0  stm32f10x_i2c.o(i.I2C_Init)
    i.I2C_Send7bitAddress                    0x080006ac   Section        0  stm32f10x_i2c.o(i.I2C_Send7bitAddress)
    i.I2C_SendData                           0x080006be   Section        0  stm32f10x_i2c.o(i.I2C_SendData)
    i.I2C_StartTransmission                  0x080006c4   Section        0  i2c.o(i.I2C_StartTransmission)
    i.I2C_WriteData                          0x0800072c   Section        0  i2c.o(i.I2C_WriteData)
    i.LCDI2C_backlight                       0x08000750   Section        0  liquidcrystal_i2c.o(i.LCDI2C_backlight)
    i.LCDI2C_begin                           0x08000764   Section        0  liquidcrystal_i2c.o(i.LCDI2C_begin)
    i.LCDI2C_clear                           0x080007f8   Section        0  liquidcrystal_i2c.o(i.LCDI2C_clear)
    i.LCDI2C_command                         0x0800080a   Section        0  liquidcrystal_i2c.o(i.LCDI2C_command)
    i.LCDI2C_display                         0x08000818   Section        0  liquidcrystal_i2c.o(i.LCDI2C_display)
    i.LCDI2C_expanderWrite                   0x08000838   Section        0  liquidcrystal_i2c.o(i.LCDI2C_expanderWrite)
    i.LCDI2C_home                            0x08000868   Section        0  liquidcrystal_i2c.o(i.LCDI2C_home)
    i.LCDI2C_init                            0x0800087c   Section        0  liquidcrystal_i2c.o(i.LCDI2C_init)
    i.LCDI2C_noBacklight                     0x080008ac   Section        0  liquidcrystal_i2c.o(i.LCDI2C_noBacklight)
    i.LCDI2C_pulseEnable                     0x080008c0   Section        0  liquidcrystal_i2c.o(i.LCDI2C_pulseEnable)
    i.LCDI2C_send                            0x080008e2   Section        0  liquidcrystal_i2c.o(i.LCDI2C_send)
    i.LCDI2C_setCursor                       0x08000908   Section        0  liquidcrystal_i2c.o(i.LCDI2C_setCursor)
    i.LCDI2C_write                           0x08000940   Section        0  liquidcrystal_i2c.o(i.LCDI2C_write)
    i.LCDI2C_write4bits                      0x0800094e   Section        0  liquidcrystal_i2c.o(i.LCDI2C_write4bits)
    i.LCDI2C_write_String                    0x08000960   Section        0  liquidcrystal_i2c.o(i.LCDI2C_write_String)
    i.NVIC_Init                              0x0800097c   Section        0  misc.o(i.NVIC_Init)
    i.RCC_APB1PeriphClockCmd                 0x080009ec   Section        0  stm32f10x_rcc.o(i.RCC_APB1PeriphClockCmd)
    i.RCC_APB2PeriphClockCmd                 0x08000a0c   Section        0  stm32f10x_rcc.o(i.RCC_APB2PeriphClockCmd)
    i.RCC_GetClocksFreq                      0x08000a2c   Section        0  stm32f10x_rcc.o(i.RCC_GetClocksFreq)
    i.SetSysClock                            0x08000b00   Section        0  system_stm32f10x.o(i.SetSysClock)
    SetSysClock                              0x08000b01   Thumb Code     8  system_stm32f10x.o(i.SetSysClock)
    i.SetSysClockTo72                        0x08000b08   Section        0  system_stm32f10x.o(i.SetSysClockTo72)
    SetSysClockTo72                          0x08000b09   Thumb Code   214  system_stm32f10x.o(i.SetSysClockTo72)
    i.SystemInit                             0x08000be8   Section        0  system_stm32f10x.o(i.SystemInit)
    i.USART1_IRQHandler                      0x08000c48   Section        0  main.o(i.USART1_IRQHandler)
    i.USART1_Init                            0x08000cb8   Section        0  usart.o(i.USART1_Init)
    i.USART_ClearFlag                        0x08000d60   Section        0  stm32f10x_usart.o(i.USART_ClearFlag)
    i.USART_Cmd                              0x08000d72   Section        0  stm32f10x_usart.o(i.USART_Cmd)
    i.USART_GetFlagStatus                    0x08000d8a   Section        0  stm32f10x_usart.o(i.USART_GetFlagStatus)
    i.USART_GetITStatus                      0x08000da4   Section        0  stm32f10x_usart.o(i.USART_GetITStatus)
    i.USART_ITConfig                         0x08000df8   Section        0  stm32f10x_usart.o(i.USART_ITConfig)
    i.USART_Init                             0x08000e44   Section        0  stm32f10x_usart.o(i.USART_Init)
    i.USART_ReceiveData                      0x08000f1c   Section        0  stm32f10x_usart.o(i.USART_ReceiveData)
    i.USART_SendData                         0x08000f26   Section        0  stm32f10x_usart.o(i.USART_SendData)
    i.i2s                                    0x08000f30   Section        0  main.o(i.i2s)
    i.init_I2C1                              0x08000fec   Section        0  i2c.o(i.init_I2C1)
    i.main                                   0x0800105c   Section        0  main.o(i.main)
    .constdata                               0x080010e8   Section       16  liquidcrystal_i2c.o(.constdata)
    .data                                    0x20000000   Section        4  i2c.o(.data)
    .data                                    0x20000004   Section        8  liquidcrystal_i2c.o(.data)
    .data                                    0x2000000c   Section       26  main.o(.data)
    .data                                    0x20000026   Section        8  usart.o(.data)
    .data                                    0x2000002e   Section       20  stm32f10x_rcc.o(.data)
    APBAHBPrescTable                         0x2000002e   Data          16  stm32f10x_rcc.o(.data)
    ADCPrescTable                            0x2000003e   Data           4  stm32f10x_rcc.o(.data)
    .bss                                     0x20000044   Section       16  i2c.o(.bss)
    .bss                                     0x20000054   Section       16  main.o(.bss)
    .bss                                     0x20000064   Section       16  usart.o(.bss)
    .bss                                     0x20000074   Section       96  libspace.o(.bss)
    HEAP                                     0x200000d8   Section      512  startup_stm32f10x_md.o(HEAP)
    Heap_Mem                                 0x200000d8   Data         512  startup_stm32f10x_md.o(HEAP)
    STACK                                    0x200002d8   Section     1024  startup_stm32f10x_md.o(STACK)
    Stack_Mem                                0x200002d8   Data        1024  startup_stm32f10x_md.o(STACK)
    __initial_sp                             0x200006d8   Data           0  startup_stm32f10x_md.o(STACK)

    Global Symbols

    Symbol Name                              Value     Ov Type        Size  Object(Section)

    BuildAttributes$$THM_ISAv4$P$D$K$B$S$PE$A:L22UL41UL21$X:L11$S22US41US21$IEEE1$IW$USESV6$~STKCKD$USESV7$~SHL$OSPACE$ROPI$EBA8$UX$STANDARDLIB$REQ8$PRES8$EABIv2 0x00000000   Number         0  anon$$obj.o ABSOLUTE
    __ARM_use_no_argv                        0x00000000   Number         0  main.o ABSOLUTE
    __ARM_exceptions_init                     - Undefined Weak Reference
    __alloca_initialize                       - Undefined Weak Reference
    __arm_preinit_                            - Undefined Weak Reference
    __cpp_initialize__aeabi_                  - Undefined Weak Reference
    __cxa_finalize                            - Undefined Weak Reference
    __rt_locale                               - Undefined Weak Reference
    __sigvec_lookup                           - Undefined Weak Reference
    _atexit_init                              - Undefined Weak Reference
    _call_atexit_fns                          - Undefined Weak Reference
    _clock_init                               - Undefined Weak Reference
    _fp_trap_init                             - Undefined Weak Reference
    _fp_trap_shutdown                         - Undefined Weak Reference
    _get_lc_collate                           - Undefined Weak Reference
    _get_lc_ctype                             - Undefined Weak Reference
    _get_lc_monetary                          - Undefined Weak Reference
    _get_lc_numeric                           - Undefined Weak Reference
    _get_lc_time                              - Undefined Weak Reference
    _getenv_init                              - Undefined Weak Reference
    _handle_redirection                       - Undefined Weak Reference
    _init_alloc                               - Undefined Weak Reference
    _init_user_alloc                          - Undefined Weak Reference
    _initio                                   - Undefined Weak Reference
    _rand_init                                - Undefined Weak Reference
    _signal_finish                            - Undefined Weak Reference
    _signal_init                              - Undefined Weak Reference
    _terminate_alloc                          - Undefined Weak Reference
    _terminate_user_alloc                     - Undefined Weak Reference
    _terminateio                              - Undefined Weak Reference
    __Vectors_Size                           0x000000ec   Number         0  startup_stm32f10x_md.o ABSOLUTE
    __Vectors                                0x08000000   Data           4  startup_stm32f10x_md.o(RESET)
    __Vectors_End                            0x080000ec   Data           0  startup_stm32f10x_md.o(RESET)
    __main                                   0x080000ed   Thumb Code     8  __main.o(!!!main)
    __scatterload                            0x080000f5   Thumb Code     0  __scatter.o(!!!scatter)
    __scatterload_rt2                        0x080000f5   Thumb Code    44  __scatter.o(!!!scatter)
    __scatterload_rt2_thumb_only             0x080000f5   Thumb Code     0  __scatter.o(!!!scatter)
    __scatterload_null                       0x08000103   Thumb Code     0  __scatter.o(!!!scatter)
    __scatterload_copy                       0x08000129   Thumb Code    26  __scatter_copy.o(!!handler_copy)
    __scatterload_zeroinit                   0x08000145   Thumb Code    28  __scatter_zi.o(!!handler_zi)
    __rt_lib_init                            0x08000161   Thumb Code     0  libinit.o(.ARM.Collect$$libinit$$00000000)
    __rt_lib_init_alloca_1                   0x08000163   Thumb Code     0  libinit2.o(.ARM.Collect$$libinit$$0000002E)
    __rt_lib_init_argv_1                     0x08000163   Thumb Code     0  libinit2.o(.ARM.Collect$$libinit$$0000002C)
    __rt_lib_init_atexit_1                   0x08000163   Thumb Code     0  libinit2.o(.ARM.Collect$$libinit$$0000001B)
    __rt_lib_init_clock_1                    0x08000163   Thumb Code     0  libinit2.o(.ARM.Collect$$libinit$$00000021)
    __rt_lib_init_cpp_1                      0x08000163   Thumb Code     0  libinit2.o(.ARM.Collect$$libinit$$00000032)
    __rt_lib_init_exceptions_1               0x08000163   Thumb Code     0  libinit2.o(.ARM.Collect$$libinit$$00000030)
    __rt_lib_init_fp_1                       0x08000163   Thumb Code     0  libinit2.o(.ARM.Collect$$libinit$$00000002)
    __rt_lib_init_fp_trap_1                  0x08000163   Thumb Code     0  libinit2.o(.ARM.Collect$$libinit$$0000001F)
    __rt_lib_init_getenv_1                   0x08000163   Thumb Code     0  libinit2.o(.ARM.Collect$$libinit$$00000023)
    __rt_lib_init_heap_1                     0x08000163   Thumb Code     0  libinit2.o(.ARM.Collect$$libinit$$0000000A)
    __rt_lib_init_lc_collate_1               0x08000163   Thumb Code     0  libinit2.o(.ARM.Collect$$libinit$$00000011)
    __rt_lib_init_lc_ctype_1                 0x08000163   Thumb Code     0  libinit2.o(.ARM.Collect$$libinit$$00000013)
    __rt_lib_init_lc_monetary_1              0x08000163   Thumb Code     0  libinit2.o(.ARM.Collect$$libinit$$00000015)
    __rt_lib_init_lc_numeric_1               0x08000163   Thumb Code     0  libinit2.o(.ARM.Collect$$libinit$$00000017)
    __rt_lib_init_lc_time_1                  0x08000163   Thumb Code     0  libinit2.o(.ARM.Collect$$libinit$$00000019)
    __rt_lib_init_preinit_1                  0x08000163   Thumb Code     0  libinit2.o(.ARM.Collect$$libinit$$00000004)
    __rt_lib_init_rand_1                     0x08000163   Thumb Code     0  libinit2.o(.ARM.Collect$$libinit$$0000000E)
    __rt_lib_init_return                     0x08000163   Thumb Code     0  libinit2.o(.ARM.Collect$$libinit$$00000033)
    __rt_lib_init_signal_1                   0x08000163   Thumb Code     0  libinit2.o(.ARM.Collect$$libinit$$0000001D)
    __rt_lib_init_stdio_1                    0x08000163   Thumb Code     0  libinit2.o(.ARM.Collect$$libinit$$00000025)
    __rt_lib_init_user_alloc_1               0x08000163   Thumb Code     0  libinit2.o(.ARM.Collect$$libinit$$0000000C)
    __rt_lib_shutdown                        0x08000165   Thumb Code     0  libshutdown.o(.ARM.Collect$$libshutdown$$00000000)
    __rt_lib_shutdown_cpp_1                  0x08000167   Thumb Code     0  libshutdown2.o(.ARM.Collect$$libshutdown$$00000002)
    __rt_lib_shutdown_fp_trap_1              0x08000167   Thumb Code     0  libshutdown2.o(.ARM.Collect$$libshutdown$$00000007)
    __rt_lib_shutdown_heap_1                 0x08000167   Thumb Code     0  libshutdown2.o(.ARM.Collect$$libshutdown$$0000000F)
    __rt_lib_shutdown_return                 0x08000167   Thumb Code     0  libshutdown2.o(.ARM.Collect$$libshutdown$$00000010)
    __rt_lib_shutdown_signal_1               0x08000167   Thumb Code     0  libshutdown2.o(.ARM.Collect$$libshutdown$$0000000A)
    __rt_lib_shutdown_stdio_1                0x08000167   Thumb Code     0  libshutdown2.o(.ARM.Collect$$libshutdown$$00000004)
    __rt_lib_shutdown_user_alloc_1           0x08000167   Thumb Code     0  libshutdown2.o(.ARM.Collect$$libshutdown$$0000000C)
    __rt_entry                               0x08000169   Thumb Code     0  __rtentry.o(.ARM.Collect$$rtentry$$00000000)
    __rt_entry_presh_1                       0x08000169   Thumb Code     0  __rtentry2.o(.ARM.Collect$$rtentry$$00000002)
    __rt_entry_sh                            0x08000169   Thumb Code     0  __rtentry4.o(.ARM.Collect$$rtentry$$00000004)
    __rt_entry_li                            0x0800016f   Thumb Code     0  __rtentry2.o(.ARM.Collect$$rtentry$$0000000A)
    __rt_entry_postsh_1                      0x0800016f   Thumb Code     0  __rtentry2.o(.ARM.Collect$$rtentry$$00000009)
    __rt_entry_main                          0x08000173   Thumb Code     0  __rtentry2.o(.ARM.Collect$$rtentry$$0000000D)
    __rt_entry_postli_1                      0x08000173   Thumb Code     0  __rtentry2.o(.ARM.Collect$$rtentry$$0000000C)
    __rt_exit                                0x0800017b   Thumb Code     0  rtexit.o(.ARM.Collect$$rtexit$$00000000)
    __rt_exit_ls                             0x0800017d   Thumb Code     0  rtexit2.o(.ARM.Collect$$rtexit$$00000003)
    __rt_exit_prels_1                        0x0800017d   Thumb Code     0  rtexit2.o(.ARM.Collect$$rtexit$$00000002)
    __rt_exit_exit                           0x08000181   Thumb Code     0  rtexit2.o(.ARM.Collect$$rtexit$$00000004)
    Reset_Handler                            0x08000189   Thumb Code     8  startup_stm32f10x_md.o(.text)
    NMI_Handler                              0x08000191   Thumb Code     2  startup_stm32f10x_md.o(.text)
    HardFault_Handler                        0x08000193   Thumb Code     2  startup_stm32f10x_md.o(.text)
    MemManage_Handler                        0x08000195   Thumb Code     2  startup_stm32f10x_md.o(.text)
    BusFault_Handler                         0x08000197   Thumb Code     2  startup_stm32f10x_md.o(.text)
    UsageFault_Handler                       0x08000199   Thumb Code     2  startup_stm32f10x_md.o(.text)
    SVC_Handler                              0x0800019b   Thumb Code     2  startup_stm32f10x_md.o(.text)
    DebugMon_Handler                         0x0800019d   Thumb Code     2  startup_stm32f10x_md.o(.text)
    PendSV_Handler                           0x0800019f   Thumb Code     2  startup_stm32f10x_md.o(.text)
    SysTick_Handler                          0x080001a1   Thumb Code     2  startup_stm32f10x_md.o(.text)
    ADC1_2_IRQHandler                        0x080001a3   Thumb Code     0  startup_stm32f10x_md.o(.text)
    CAN1_RX1_IRQHandler                      0x080001a3   Thumb Code     0  startup_stm32f10x_md.o(.text)
    CAN1_SCE_IRQHandler                      0x080001a3   Thumb Code     0  startup_stm32f10x_md.o(.text)
    DMA1_Channel1_IRQHandler                 0x080001a3   Thumb Code     0  startup_stm32f10x_md.o(.text)
    DMA1_Channel2_IRQHandler                 0x080001a3   Thumb Code     0  startup_stm32f10x_md.o(.text)
    DMA1_Channel3_IRQHandler                 0x080001a3   Thumb Code     0  startup_stm32f10x_md.o(.text)
    DMA1_Channel4_IRQHandler                 0x080001a3   Thumb Code     0  startup_stm32f10x_md.o(.text)
    DMA1_Channel5_IRQHandler                 0x080001a3   Thumb Code     0  startup_stm32f10x_md.o(.text)
    DMA1_Channel6_IRQHandler                 0x080001a3   Thumb Code     0  startup_stm32f10x_md.o(.text)
    DMA1_Channel7_IRQHandler                 0x080001a3   Thumb Code     0  startup_stm32f10x_md.o(.text)
    EXTI0_IRQHandler                         0x080001a3   Thumb Code     0  startup_stm32f10x_md.o(.text)
    EXTI15_10_IRQHandler                     0x080001a3   Thumb Code     0  startup_stm32f10x_md.o(.text)
    EXTI1_IRQHandler                         0x080001a3   Thumb Code     0  startup_stm32f10x_md.o(.text)
    EXTI2_IRQHandler                         0x080001a3   Thumb Code     0  startup_stm32f10x_md.o(.text)
    EXTI3_IRQHandler                         0x080001a3   Thumb Code     0  startup_stm32f10x_md.o(.text)
    EXTI4_IRQHandler                         0x080001a3   Thumb Code     0  startup_stm32f10x_md.o(.text)
    EXTI9_5_IRQHandler                       0x080001a3   Thumb Code     0  startup_stm32f10x_md.o(.text)
    FLASH_IRQHandler                         0x080001a3   Thumb Code     0  startup_stm32f10x_md.o(.text)
    I2C1_ER_IRQHandler                       0x080001a3   Thumb Code     0  startup_stm32f10x_md.o(.text)
    I2C1_EV_IRQHandler                       0x080001a3   Thumb Code     0  startup_stm32f10x_md.o(.text)
    I2C2_ER_IRQHandler                       0x080001a3   Thumb Code     0  startup_stm32f10x_md.o(.text)
    I2C2_EV_IRQHandler                       0x080001a3   Thumb Code     0  startup_stm32f10x_md.o(.text)
    PVD_IRQHandler                           0x080001a3   Thumb Code     0  startup_stm32f10x_md.o(.text)
    RCC_IRQHandler                           0x080001a3   Thumb Code     0  startup_stm32f10x_md.o(.text)
    RTCAlarm_IRQHandler                      0x080001a3   Thumb Code     0  startup_stm32f10x_md.o(.text)
    RTC_IRQHandler                           0x080001a3   Thumb Code     0  startup_stm32f10x_md.o(.text)
    SPI1_IRQHandler                          0x080001a3   Thumb Code     0  startup_stm32f10x_md.o(.text)
    SPI2_IRQHandler                          0x080001a3   Thumb Code     0  startup_stm32f10x_md.o(.text)
    TAMPER_IRQHandler                        0x080001a3   Thumb Code     0  startup_stm32f10x_md.o(.text)
    TIM1_BRK_IRQHandler                      0x080001a3   Thumb Code     0  startup_stm32f10x_md.o(.text)
    TIM1_CC_IRQHandler                       0x080001a3   Thumb Code     0  startup_stm32f10x_md.o(.text)
    TIM1_TRG_COM_IRQHandler                  0x080001a3   Thumb Code     0  startup_stm32f10x_md.o(.text)
    TIM1_UP_IRQHandler                       0x080001a3   Thumb Code     0  startup_stm32f10x_md.o(.text)
    TIM2_IRQHandler                          0x080001a3   Thumb Code     0  startup_stm32f10x_md.o(.text)
    TIM3_IRQHandler                          0x080001a3   Thumb Code     0  startup_stm32f10x_md.o(.text)
    TIM4_IRQHandler                          0x080001a3   Thumb Code     0  startup_stm32f10x_md.o(.text)
    USART2_IRQHandler                        0x080001a3   Thumb Code     0  startup_stm32f10x_md.o(.text)
    USART3_IRQHandler                        0x080001a3   Thumb Code     0  startup_stm32f10x_md.o(.text)
    USBWakeUp_IRQHandler                     0x080001a3   Thumb Code     0  startup_stm32f10x_md.o(.text)
    USB_HP_CAN1_TX_IRQHandler                0x080001a3   Thumb Code     0  startup_stm32f10x_md.o(.text)
    USB_LP_CAN1_RX0_IRQHandler               0x080001a3   Thumb Code     0  startup_stm32f10x_md.o(.text)
    WWDG_IRQHandler                          0x080001a3   Thumb Code     0  startup_stm32f10x_md.o(.text)
    __user_initial_stackheap                 0x080001a5   Thumb Code     0  startup_stm32f10x_md.o(.text)
    __aeabi_memcpy4                          0x080001c9   Thumb Code     0  rt_memcpy_w.o(.text)
    __aeabi_memcpy8                          0x080001c9   Thumb Code     0  rt_memcpy_w.o(.text)
    __rt_memcpy_w                            0x080001c9   Thumb Code   100  rt_memcpy_w.o(.text)
    _memcpy_lastbytes_aligned                0x08000211   Thumb Code     0  rt_memcpy_w.o(.text)
    __aeabi_memclr4                          0x0800022d   Thumb Code     0  rt_memclr_w.o(.text)
    __aeabi_memclr8                          0x0800022d   Thumb Code     0  rt_memclr_w.o(.text)
    __rt_memclr_w                            0x0800022d   Thumb Code    78  rt_memclr_w.o(.text)
    _memset_w                                0x08000231   Thumb Code     0  rt_memclr_w.o(.text)
    __use_two_region_memory                  0x0800027b   Thumb Code     2  heapauxi.o(.text)
    __rt_heap_escrow$2region                 0x0800027d   Thumb Code     2  heapauxi.o(.text)
    __rt_heap_expand$2region                 0x0800027f   Thumb Code     2  heapauxi.o(.text)
    __user_setup_stackheap                   0x08000281   Thumb Code    74  sys_stackheap_outer.o(.text)
    exit                                     0x080002cb   Thumb Code    18  exit.o(.text)
    __user_libspace                          0x080002dd   Thumb Code     8  libspace.o(.text)
    __user_perproc_libspace                  0x080002dd   Thumb Code     0  libspace.o(.text)
    __user_perthread_libspace                0x080002dd   Thumb Code     0  libspace.o(.text)
    _sys_exit                                0x080002e5   Thumb Code     8  sys_exit.o(.text)
    __I$use$semihosting                      0x080002f1   Thumb Code     0  use_no_semi.o(.text)
    __use_no_semihosting_swi                 0x080002f1   Thumb Code     2  use_no_semi.o(.text)
    __semihosting_library_function           0x080002f3   Thumb Code     0  indicate_semi.o(.text)
    CO2_Tx                                   0x080002f5   Thumb Code    48  main.o(i.CO2_Tx)
    CheckSum                                 0x0800032d   Thumb Code   102  main.o(i.CheckSum)
    Delay                                    0x080003a1   Thumb Code    44  delay.o(i.Delay)
    DelayMC                                  0x080003cd   Thumb Code    42  delay.o(i.DelayMC)
    GPIO_Init                                0x080003fd   Thumb Code   278  stm32f10x_gpio.o(i.GPIO_Init)
    I2C_CheckEvent                           0x08000513   Thumb Code    42  stm32f10x_i2c.o(i.I2C_CheckEvent)
    I2C_Cmd                                  0x0800053d   Thumb Code    24  stm32f10x_i2c.o(i.I2C_Cmd)
    I2C_GenerateSTART                        0x08000555   Thumb Code    24  stm32f10x_i2c.o(i.I2C_GenerateSTART)
    I2C_GenerateSTOP                         0x0800056d   Thumb Code    24  stm32f10x_i2c.o(i.I2C_GenerateSTOP)
    I2C_GetFlagStatus                        0x08000585   Thumb Code    58  stm32f10x_i2c.o(i.I2C_GetFlagStatus)
    I2C_Init                                 0x080005c1   Thumb Code   222  stm32f10x_i2c.o(i.I2C_Init)
    I2C_Send7bitAddress                      0x080006ad   Thumb Code    18  stm32f10x_i2c.o(i.I2C_Send7bitAddress)
    I2C_SendData                             0x080006bf   Thumb Code     4  stm32f10x_i2c.o(i.I2C_SendData)
    I2C_StartTransmission                    0x080006c5   Thumb Code    96  i2c.o(i.I2C_StartTransmission)
    I2C_WriteData                            0x0800072d   Thumb Code    30  i2c.o(i.I2C_WriteData)
    LCDI2C_backlight                         0x08000751   Thumb Code    16  liquidcrystal_i2c.o(i.LCDI2C_backlight)
    LCDI2C_begin                             0x08000765   Thumb Code   142  liquidcrystal_i2c.o(i.LCDI2C_begin)
    LCDI2C_clear                             0x080007f9   Thumb Code    18  liquidcrystal_i2c.o(i.LCDI2C_clear)
    LCDI2C_command                           0x0800080b   Thumb Code    14  liquidcrystal_i2c.o(i.LCDI2C_command)
    LCDI2C_display                           0x08000819   Thumb Code    26  liquidcrystal_i2c.o(i.LCDI2C_display)
    LCDI2C_expanderWrite                     0x08000839   Thumb Code    40  liquidcrystal_i2c.o(i.LCDI2C_expanderWrite)
    LCDI2C_home                              0x08000869   Thumb Code    18  liquidcrystal_i2c.o(i.LCDI2C_home)
    LCDI2C_init                              0x0800087d   Thumb Code    42  liquidcrystal_i2c.o(i.LCDI2C_init)
    LCDI2C_noBacklight                       0x080008ad   Thumb Code    14  liquidcrystal_i2c.o(i.LCDI2C_noBacklight)
    LCDI2C_pulseEnable                       0x080008c1   Thumb Code    34  liquidcrystal_i2c.o(i.LCDI2C_pulseEnable)
    LCDI2C_send                              0x080008e3   Thumb Code    38  liquidcrystal_i2c.o(i.LCDI2C_send)
    LCDI2C_setCursor                         0x08000909   Thumb Code    48  liquidcrystal_i2c.o(i.LCDI2C_setCursor)
    LCDI2C_write                             0x08000941   Thumb Code    14  liquidcrystal_i2c.o(i.LCDI2C_write)
    LCDI2C_write4bits                        0x0800094f   Thumb Code    18  liquidcrystal_i2c.o(i.LCDI2C_write4bits)
    LCDI2C_write_String                      0x08000961   Thumb Code    26  liquidcrystal_i2c.o(i.LCDI2C_write_String)
    NVIC_Init                                0x0800097d   Thumb Code   100  misc.o(i.NVIC_Init)
    RCC_APB1PeriphClockCmd                   0x080009ed   Thumb Code    26  stm32f10x_rcc.o(i.RCC_APB1PeriphClockCmd)
    RCC_APB2PeriphClockCmd                   0x08000a0d   Thumb Code    26  stm32f10x_rcc.o(i.RCC_APB2PeriphClockCmd)
    RCC_GetClocksFreq                        0x08000a2d   Thumb Code   192  stm32f10x_rcc.o(i.RCC_GetClocksFreq)
    SystemInit                               0x08000be9   Thumb Code    78  system_stm32f10x.o(i.SystemInit)
    USART1_IRQHandler                        0x08000c49   Thumb Code    98  main.o(i.USART1_IRQHandler)
    USART1_Init                              0x08000cb9   Thumb Code   146  usart.o(i.USART1_Init)
    USART_ClearFlag                          0x08000d61   Thumb Code    18  stm32f10x_usart.o(i.USART_ClearFlag)
    USART_Cmd                                0x08000d73   Thumb Code    24  stm32f10x_usart.o(i.USART_Cmd)
    USART_GetFlagStatus                      0x08000d8b   Thumb Code    26  stm32f10x_usart.o(i.USART_GetFlagStatus)
    USART_GetITStatus                        0x08000da5   Thumb Code    84  stm32f10x_usart.o(i.USART_GetITStatus)
    USART_ITConfig                           0x08000df9   Thumb Code    74  stm32f10x_usart.o(i.USART_ITConfig)
    USART_Init                               0x08000e45   Thumb Code   210  stm32f10x_usart.o(i.USART_Init)
    USART_ReceiveData                        0x08000f1d   Thumb Code    10  stm32f10x_usart.o(i.USART_ReceiveData)
    USART_SendData                           0x08000f27   Thumb Code     8  stm32f10x_usart.o(i.USART_SendData)
    i2s                                      0x08000f31   Thumb Code   148  main.o(i.i2s)
    init_I2C1                                0x08000fed   Thumb Code    92  i2c.o(i.init_I2C1)
    main                                     0x0800105d   Thumb Code   124  main.o(i.main)
    Region$$Table$$Base                      0x080010f8   Number         0  anon$$obj.o(Region$$Table)
    Region$$Table$$Limit                     0x08001118   Number         0  anon$$obj.o(Region$$Table)
    i2c_gpio                                 0x20000000   Data           4  i2c.o(.data)
    lcdi2c                                   0x20000004   Data           8  liquidcrystal_i2c.o(.data)
    USART1_RX_CNT                            0x2000000c   Data           1  main.o(.data)
    CO2Data                                  0x20000010   Data           4  main.o(.data)
    CO2TxBuffer                              0x20000014   Data          18  main.o(.data)
    USART_GPIO_InitStruct                    0x20000026   Data           4  usart.o(.data)
    NVIC_InitStructure                       0x2000002a   Data           4  usart.o(.data)
    i2c                                      0x20000044   Data          16  i2c.o(.bss)
    USART_RX_BUF_2                           0x20000054   Data          16  main.o(.bss)
    USART_InitStruct                         0x20000064   Data          16  usart.o(.bss)
    __libspace_start                         0x20000074   Data          96  libspace.o(.bss)
    __temporary_stack_top$libspace           0x200000d4   Data           0  libspace.o(.bss)



==============================================================================

Memory Map of the image

  Image Entry point : 0x080000ed

  Load Region LR_IROM1 (Base: 0x08000000, Size: 0x0000115c, Max: 0x00010000, ABSOLUTE)

    Execution Region ER_IROM1 (Exec base: 0x08000000, Load base: 0x08000000, Size: 0x00001118, Max: 0x00010000, ABSOLUTE)

    Exec Addr    Load Addr    Size         Type   Attr      Idx    E Section Name        Object

    0x08000000   0x08000000   0x000000ec   Data   RO         1321    RESET               startup_stm32f10x_md.o
    0x080000ec   0x080000ec   0x00000008   Code   RO         1380  * !!!main             c_w.l(__main.o)
    0x080000f4   0x080000f4   0x00000034   Code   RO         1537    !!!scatter          c_w.l(__scatter.o)
    0x08000128   0x08000128   0x0000001a   Code   RO         1539    !!handler_copy      c_w.l(__scatter_copy.o)
    0x08000142   0x08000142   0x00000002   PAD
    0x08000144   0x08000144   0x0000001c   Code   RO         1541    !!handler_zi        c_w.l(__scatter_zi.o)
    0x08000160   0x08000160   0x00000002   Code   RO         1407    .ARM.Collect$$libinit$$00000000  c_w.l(libinit.o)
    0x08000162   0x08000162   0x00000000   Code   RO         1414    .ARM.Collect$$libinit$$00000002  c_w.l(libinit2.o)
    0x08000162   0x08000162   0x00000000   Code   RO         1416    .ARM.Collect$$libinit$$00000004  c_w.l(libinit2.o)
    0x08000162   0x08000162   0x00000000   Code   RO         1419    .ARM.Collect$$libinit$$0000000A  c_w.l(libinit2.o)
    0x08000162   0x08000162   0x00000000   Code   RO         1421    .ARM.Collect$$libinit$$0000000C  c_w.l(libinit2.o)
    0x08000162   0x08000162   0x00000000   Code   RO         1423    .ARM.Collect$$libinit$$0000000E  c_w.l(libinit2.o)
    0x08000162   0x08000162   0x00000000   Code   RO         1426    .ARM.Collect$$libinit$$00000011  c_w.l(libinit2.o)
    0x08000162   0x08000162   0x00000000   Code   RO         1428    .ARM.Collect$$libinit$$00000013  c_w.l(libinit2.o)
    0x08000162   0x08000162   0x00000000   Code   RO         1430    .ARM.Collect$$libinit$$00000015  c_w.l(libinit2.o)
    0x08000162   0x08000162   0x00000000   Code   RO         1432    .ARM.Collect$$libinit$$00000017  c_w.l(libinit2.o)
    0x08000162   0x08000162   0x00000000   Code   RO         1434    .ARM.Collect$$libinit$$00000019  c_w.l(libinit2.o)
    0x08000162   0x08000162   0x00000000   Code   RO         1436    .ARM.Collect$$libinit$$0000001B  c_w.l(libinit2.o)
    0x08000162   0x08000162   0x00000000   Code   RO         1438    .ARM.Collect$$libinit$$0000001D  c_w.l(libinit2.o)
    0x08000162   0x08000162   0x00000000   Code   RO         1440    .ARM.Collect$$libinit$$0000001F  c_w.l(libinit2.o)
    0x08000162   0x08000162   0x00000000   Code   RO         1442    .ARM.Collect$$libinit$$00000021  c_w.l(libinit2.o)
    0x08000162   0x08000162   0x00000000   Code   RO         1444    .ARM.Collect$$libinit$$00000023  c_w.l(libinit2.o)
    0x08000162   0x08000162   0x00000000   Code   RO         1446    .ARM.Collect$$libinit$$00000025  c_w.l(libinit2.o)
    0x08000162   0x08000162   0x00000000   Code   RO         1450    .ARM.Collect$$libinit$$0000002C  c_w.l(libinit2.o)
    0x08000162   0x08000162   0x00000000   Code   RO         1452    .ARM.Collect$$libinit$$0000002E  c_w.l(libinit2.o)
    0x08000162   0x08000162   0x00000000   Code   RO         1454    .ARM.Collect$$libinit$$00000030  c_w.l(libinit2.o)
    0x08000162   0x08000162   0x00000000   Code   RO         1456    .ARM.Collect$$libinit$$00000032  c_w.l(libinit2.o)
    0x08000162   0x08000162   0x00000002   Code   RO         1457    .ARM.Collect$$libinit$$00000033  c_w.l(libinit2.o)
    0x08000164   0x08000164   0x00000002   Code   RO         1477    .ARM.Collect$$libshutdown$$00000000  c_w.l(libshutdown.o)
    0x08000166   0x08000166   0x00000000   Code   RO         1490    .ARM.Collect$$libshutdown$$00000002  c_w.l(libshutdown2.o)
    0x08000166   0x08000166   0x00000000   Code   RO         1492    .ARM.Collect$$libshutdown$$00000004  c_w.l(libshutdown2.o)
    0x08000166   0x08000166   0x00000000   Code   RO         1495    .ARM.Collect$$libshutdown$$00000007  c_w.l(libshutdown2.o)
    0x08000166   0x08000166   0x00000000   Code   RO         1498    .ARM.Collect$$libshutdown$$0000000A  c_w.l(libshutdown2.o)
    0x08000166   0x08000166   0x00000000   Code   RO         1500    .ARM.Collect$$libshutdown$$0000000C  c_w.l(libshutdown2.o)
    0x08000166   0x08000166   0x00000000   Code   RO         1503    .ARM.Collect$$libshutdown$$0000000F  c_w.l(libshutdown2.o)
    0x08000166   0x08000166   0x00000002   Code   RO         1504    .ARM.Collect$$libshutdown$$00000010  c_w.l(libshutdown2.o)
    0x08000168   0x08000168   0x00000000   Code   RO         1382    .ARM.Collect$$rtentry$$00000000  c_w.l(__rtentry.o)
    0x08000168   0x08000168   0x00000000   Code   RO         1384    .ARM.Collect$$rtentry$$00000002  c_w.l(__rtentry2.o)
    0x08000168   0x08000168   0x00000006   Code   RO         1396    .ARM.Collect$$rtentry$$00000004  c_w.l(__rtentry4.o)
    0x0800016e   0x0800016e   0x00000000   Code   RO         1386    .ARM.Collect$$rtentry$$00000009  c_w.l(__rtentry2.o)
    0x0800016e   0x0800016e   0x00000004   Code   RO         1387    .ARM.Collect$$rtentry$$0000000A  c_w.l(__rtentry2.o)
    0x08000172   0x08000172   0x00000000   Code   RO         1389    .ARM.Collect$$rtentry$$0000000C  c_w.l(__rtentry2.o)
    0x08000172   0x08000172   0x00000008   Code   RO         1390    .ARM.Collect$$rtentry$$0000000D  c_w.l(__rtentry2.o)
    0x0800017a   0x0800017a   0x00000002   Code   RO         1411    .ARM.Collect$$rtexit$$00000000  c_w.l(rtexit.o)
    0x0800017c   0x0800017c   0x00000000   Code   RO         1459    .ARM.Collect$$rtexit$$00000002  c_w.l(rtexit2.o)
    0x0800017c   0x0800017c   0x00000004   Code   RO         1460    .ARM.Collect$$rtexit$$00000003  c_w.l(rtexit2.o)
    0x08000180   0x08000180   0x00000006   Code   RO         1461    .ARM.Collect$$rtexit$$00000004  c_w.l(rtexit2.o)
    0x08000186   0x08000186   0x00000002   PAD
    0x08000188   0x08000188   0x00000040   Code   RO         1322    .text               startup_stm32f10x_md.o
    0x080001c8   0x080001c8   0x00000064   Code   RO         1374    .text               c_w.l(rt_memcpy_w.o)
    0x0800022c   0x0800022c   0x0000004e   Code   RO         1376    .text               c_w.l(rt_memclr_w.o)
    0x0800027a   0x0800027a   0x00000006   Code   RO         1378    .text               c_w.l(heapauxi.o)
    0x08000280   0x08000280   0x0000004a   Code   RO         1398    .text               c_w.l(sys_stackheap_outer.o)
    0x080002ca   0x080002ca   0x00000012   Code   RO         1400    .text               c_w.l(exit.o)
    0x080002dc   0x080002dc   0x00000008   Code   RO         1408    .text               c_w.l(libspace.o)
    0x080002e4   0x080002e4   0x0000000c   Code   RO         1469    .text               c_w.l(sys_exit.o)
    0x080002f0   0x080002f0   0x00000002   Code   RO         1480    .text               c_w.l(use_no_semi.o)
    0x080002f2   0x080002f2   0x00000000   Code   RO         1482    .text               c_w.l(indicate_semi.o)
    0x080002f2   0x080002f2   0x00000002   PAD
    0x080002f4   0x080002f4   0x00000038   Code   RO          377    i.CO2_Tx            main.o
    0x0800032c   0x0800032c   0x00000074   Code   RO          378    i.CheckSum          main.o
    0x080003a0   0x080003a0   0x0000002c   Code   RO            4    i.Delay             delay.o
    0x080003cc   0x080003cc   0x00000030   Code   RO            5    i.DelayMC           delay.o
    0x080003fc   0x080003fc   0x00000116   Code   RO          534    i.GPIO_Init         stm32f10x_gpio.o
    0x08000512   0x08000512   0x0000002a   Code   RO          657    i.I2C_CheckEvent    stm32f10x_i2c.o
    0x0800053c   0x0800053c   0x00000018   Code   RO          660    i.I2C_Cmd           stm32f10x_i2c.o
    0x08000554   0x08000554   0x00000018   Code   RO          667    i.I2C_GenerateSTART  stm32f10x_i2c.o
    0x0800056c   0x0800056c   0x00000018   Code   RO          668    i.I2C_GenerateSTOP  stm32f10x_i2c.o
    0x08000584   0x08000584   0x0000003a   Code   RO          669    i.I2C_GetFlagStatus  stm32f10x_i2c.o
    0x080005be   0x080005be   0x00000002   PAD
    0x080005c0   0x080005c0   0x000000ec   Code   RO          674    i.I2C_Init          stm32f10x_i2c.o
    0x080006ac   0x080006ac   0x00000012   Code   RO          681    i.I2C_Send7bitAddress  stm32f10x_i2c.o
    0x080006be   0x080006be   0x00000004   Code   RO          682    i.I2C_SendData      stm32f10x_i2c.o
    0x080006c2   0x080006c2   0x00000002   PAD
    0x080006c4   0x080006c4   0x00000068   Code   RO           89    i.I2C_StartTransmission  i2c.o
    0x0800072c   0x0800072c   0x00000024   Code   RO           90    i.I2C_WriteData     i2c.o
    0x08000750   0x08000750   0x00000014   Code   RO          145    i.LCDI2C_backlight  liquidcrystal_i2c.o
    0x08000764   0x08000764   0x00000094   Code   RO          146    i.LCDI2C_begin      liquidcrystal_i2c.o
    0x080007f8   0x080007f8   0x00000012   Code   RO          150    i.LCDI2C_clear      liquidcrystal_i2c.o
    0x0800080a   0x0800080a   0x0000000e   Code   RO          151    i.LCDI2C_command    liquidcrystal_i2c.o
    0x08000818   0x08000818   0x00000020   Code   RO          156    i.LCDI2C_display    liquidcrystal_i2c.o
    0x08000838   0x08000838   0x00000030   Code   RO          157    i.LCDI2C_expanderWrite  liquidcrystal_i2c.o
    0x08000868   0x08000868   0x00000012   Code   RO          158    i.LCDI2C_home       liquidcrystal_i2c.o
    0x0800087a   0x0800087a   0x00000002   PAD
    0x0800087c   0x0800087c   0x00000030   Code   RO          159    i.LCDI2C_init       liquidcrystal_i2c.o
    0x080008ac   0x080008ac   0x00000014   Code   RO          163    i.LCDI2C_noBacklight  liquidcrystal_i2c.o
    0x080008c0   0x080008c0   0x00000022   Code   RO          167    i.LCDI2C_pulseEnable  liquidcrystal_i2c.o
    0x080008e2   0x080008e2   0x00000026   Code   RO          171    i.LCDI2C_send       liquidcrystal_i2c.o
    0x08000908   0x08000908   0x00000038   Code   RO          173    i.LCDI2C_setCursor  liquidcrystal_i2c.o
    0x08000940   0x08000940   0x0000000e   Code   RO          174    i.LCDI2C_write      liquidcrystal_i2c.o
    0x0800094e   0x0800094e   0x00000012   Code   RO          175    i.LCDI2C_write4bits  liquidcrystal_i2c.o
    0x08000960   0x08000960   0x0000001a   Code   RO          176    i.LCDI2C_write_String  liquidcrystal_i2c.o
    0x0800097a   0x0800097a   0x00000002   PAD
    0x0800097c   0x0800097c   0x00000070   Code   RO          480    i.NVIC_Init         misc.o
    0x080009ec   0x080009ec   0x00000020   Code   RO          872    i.RCC_APB1PeriphClockCmd  stm32f10x_rcc.o
    0x08000a0c   0x08000a0c   0x00000020   Code   RO          874    i.RCC_APB2PeriphClockCmd  stm32f10x_rcc.o
    0x08000a2c   0x08000a2c   0x000000d4   Code   RO          882    i.RCC_GetClocksFreq  stm32f10x_rcc.o
    0x08000b00   0x08000b00   0x00000008   Code   RO         1329    i.SetSysClock       system_stm32f10x.o
    0x08000b08   0x08000b08   0x000000e0   Code   RO         1330    i.SetSysClockTo72   system_stm32f10x.o
    0x08000be8   0x08000be8   0x00000060   Code   RO         1332    i.SystemInit        system_stm32f10x.o
    0x08000c48   0x08000c48   0x00000070   Code   RO          379    i.USART1_IRQHandler  main.o
    0x08000cb8   0x08000cb8   0x000000a8   Code   RO          433    i.USART1_Init       usart.o
    0x08000d60   0x08000d60   0x00000012   Code   RO         1082    i.USART_ClearFlag   stm32f10x_usart.o
    0x08000d72   0x08000d72   0x00000018   Code   RO         1086    i.USART_Cmd         stm32f10x_usart.o
    0x08000d8a   0x08000d8a   0x0000001a   Code   RO         1089    i.USART_GetFlagStatus  stm32f10x_usart.o
    0x08000da4   0x08000da4   0x00000054   Code   RO         1090    i.USART_GetITStatus  stm32f10x_usart.o
    0x08000df8   0x08000df8   0x0000004a   Code   RO         1092    i.USART_ITConfig    stm32f10x_usart.o
    0x08000e42   0x08000e42   0x00000002   PAD
    0x08000e44   0x08000e44   0x000000d8   Code   RO         1093    i.USART_Init        stm32f10x_usart.o
    0x08000f1c   0x08000f1c   0x0000000a   Code   RO         1100    i.USART_ReceiveData  stm32f10x_usart.o
    0x08000f26   0x08000f26   0x00000008   Code   RO         1103    i.USART_SendData    stm32f10x_usart.o
    0x08000f2e   0x08000f2e   0x00000002   PAD
    0x08000f30   0x08000f30   0x000000bc   Code   RO          380    i.i2s               main.o
    0x08000fec   0x08000fec   0x00000070   Code   RO           91    i.init_I2C1         i2c.o
    0x0800105c   0x0800105c   0x0000008c   Code   RO          381    i.main              main.o
    0x080010e8   0x080010e8   0x00000010   Data   RO          177    .constdata          liquidcrystal_i2c.o
    0x080010f8   0x080010f8   0x00000020   Data   RO         1535    Region$$Table       anon$$obj.o


    Execution Region RW_IRAM1 (Exec base: 0x20000000, Load base: 0x08001118, Size: 0x000006d8, Max: 0x00005000, ABSOLUTE)

    Exec Addr    Load Addr    Size         Type   Attr      Idx    E Section Name        Object

    0x20000000   0x08001118   0x00000004   Data   RW           93    .data               i2c.o
    0x20000004   0x0800111c   0x00000008   Data   RW          178    .data               liquidcrystal_i2c.o
    0x2000000c   0x08001124   0x0000001a   Data   RW          383    .data               main.o
    0x20000026   0x0800113e   0x00000008   Data   RW          437    .data               usart.o
    0x2000002e   0x08001146   0x00000014   Data   RW          902    .data               stm32f10x_rcc.o
    0x20000042   0x0800115a   0x00000002   PAD
    0x20000044        -       0x00000010   Zero   RW           92    .bss                i2c.o
    0x20000054        -       0x00000010   Zero   RW          382    .bss                main.o
    0x20000064        -       0x00000010   Zero   RW          436    .bss                usart.o
    0x20000074        -       0x00000060   Zero   RW         1409    .bss                c_w.l(libspace.o)
    0x200000d4   0x0800115a   0x00000004   PAD
    0x200000d8        -       0x00000200   Zero   RW         1320    HEAP                startup_stm32f10x_md.o
    0x200002d8        -       0x00000400   Zero   RW         1319    STACK               startup_stm32f10x_md.o


==============================================================================

Image component sizes


      Code (inc. data)   RO Data    RW Data    ZI Data      Debug   Object Name

        92          6          0          0          0     241582   delay.o
       252         34          0          4         16       2335   i2c.o
       552         44         16          8          0       8875   liquidcrystal_i2c.o
       612         92          0         26         16       3708   main.o
       112         12          0          0          0       1356   misc.o
        64         26        236          0       1536        788   startup_stm32f10x_md.o
       278          0          0          0          0       2296   stm32f10x_gpio.o
       430         14          0          0          0       7438   stm32f10x_i2c.o
       276         32          0         20          0       4914   stm32f10x_rcc.o
       460          6          0          0          0       7575   stm32f10x_usart.o
       328         28          0          0          0       2001   system_stm32f10x.o
       168         22          0          8         16        782   usart.o

    ----------------------------------------------------------------------
      3636        316        284         68       1584     283650   Object Totals
         0          0         32          0          0          0   (incl. Generated)
        12          0          0          2          0          0   (incl. Padding)

    ----------------------------------------------------------------------

      Code (inc. data)   RO Data    RW Data    ZI Data      Debug   Library Member Name

         8          0          0          0          0         68   __main.o
         0          0          0          0          0          0   __rtentry.o
        12          0          0          0          0          0   __rtentry2.o
         6          0          0          0          0          0   __rtentry4.o
        52          8          0          0          0          0   __scatter.o
        26          0          0          0          0          0   __scatter_copy.o
        28          0          0          0          0          0   __scatter_zi.o
        18          0          0          0          0         80   exit.o
         6          0          0          0          0        152   heapauxi.o
         0          0          0          0          0          0   indicate_semi.o
         2          0          0          0          0          0   libinit.o
         2          0          0          0          0          0   libinit2.o
         2          0          0          0          0          0   libshutdown.o
         2          0          0          0          0          0   libshutdown2.o
         8          4          0          0         96         68   libspace.o
        78          0          0          0          0         80   rt_memclr_w.o
       100          0          0          0          0         80   rt_memcpy_w.o
         2          0          0          0          0          0   rtexit.o
        10          0          0          0          0          0   rtexit2.o
        12          4          0          0          0         68   sys_exit.o
        74          0          0          0          0         80   sys_stackheap_outer.o
         2          0          0          0          0         68   use_no_semi.o

    ----------------------------------------------------------------------
       456         16          0          0        100        744   Library Totals
         6          0          0          0          4          0   (incl. Padding)

    ----------------------------------------------------------------------

      Code (inc. data)   RO Data    RW Data    ZI Data      Debug   Library Name

       450         16          0          0         96        744   c_w.l

    ----------------------------------------------------------------------
       456         16          0          0        100        744   Library Totals

    ----------------------------------------------------------------------

==============================================================================


      Code (inc. data)   RO Data    RW Data    ZI Data      Debug   

      4092        332        284         68       1684     281686   Grand Totals
      4092        332        284         68       1684     281686   ELF Image Totals
      4092        332        284         68          0          0   ROM Totals

==============================================================================

    Total RO  Size (Code + RO Data)                 4376 (   4.27kB)
    Total RW  Size (RW Data + ZI Data)              1752 (   1.71kB)
    Total ROM Size (Code + RO Data + RW Data)       4444 (   4.34kB)

==============================================================================

